Component: ARM Compiler 5.06 update 7 (build 960) Tool: armlink [4d3601]

==============================================================================

Section Cross References

    main.o(i.main) refers to board.o(i.board_lowlevel_init) for board_lowlevel_init
    main.o(i.main) refers to usart.o(i.usart_init) for usart_init
    main.o(i.main) refers to tim_delay.o(i.tim_delay_init) for tim_delay_init
    main.o(i.main) refers to elog.o(i.elog_init) for elog_init
    main.o(i.main) refers to elog.o(i.elog_set_fmt) for elog_set_fmt
    main.o(i.main) refers to elog.o(i.elog_start) for elog_start
    main.o(i.main) refers to bootload.o(i.bootloader_main) for bootloader_main
    board.o(i.board_lowlevel_init) refers to stm32f4xx_rcc.o(i.RCC_AHB1PeriphClockCmd) for RCC_AHB1PeriphClockCmd
    board.o(i.board_lowlevel_init) refers to stm32f4xx_rcc.o(i.RCC_APB2PeriphClockCmd) for RCC_APB2PeriphClockCmd
    board.o(i.board_lowlevel_init) refers to stm32f4xx_rcc.o(i.RCC_APB1PeriphClockCmd) for RCC_APB1PeriphClockCmd
    board.o(i.fputc) refers to stm32f4xx_usart.o(i.USART_SendData) for USART_SendData
    board.o(i.fputc) refers to stm32f4xx_usart.o(i.USART_GetFlagStatus) for USART_GetFlagStatus
    bootload.o(i.application_validate) refers to magic_header.o(i.magic_header_validate) for magic_header_validate
    bootload.o(i.application_validate) refers to elog.o(i.elog_output) for elog_output
    bootload.o(i.application_validate) refers to magic_header.o(i.magic_header_get_address) for magic_header_get_address
    bootload.o(i.application_validate) refers to magic_header.o(i.magic_header_get_length) for magic_header_get_length
    bootload.o(i.application_validate) refers to magic_header.o(i.magic_header_get_crc32) for magic_header_get_crc32
    bootload.o(i.application_validate) refers to crc32.o(i.crc32) for crc32
    bootload.o(i.application_validate) refers to bootload.o(.constdata) for __FUNCTION__
    bootload.o(i.bl_byte_handler) refers to tim_delay.o(i.tim_get_ms) for tim_get_ms
    bootload.o(i.bl_byte_handler) refers to elog.o(i.elog_output) for elog_output
    bootload.o(i.bl_byte_handler) refers to crc16.o(i.crc16) for crc16
    bootload.o(i.bl_byte_handler) refers to bootload.o(.data) for last_byte_ms
    bootload.o(i.bl_byte_handler) refers to bootload.o(.constdata) for __FUNCTION__
    bootload.o(i.bl_byte_handler) refers to bootload.o(.bss) for packet_buf
    bootload.o(i.bl_opcode_boot_handler) refers to elog.o(i.elog_output) for elog_output
    bootload.o(i.bl_opcode_boot_handler) refers to bootload.o(i.bl_response) for bl_response
    bootload.o(i.bl_opcode_boot_handler) refers to bootload.o(i.boot_application) for boot_application
    bootload.o(i.bl_opcode_boot_handler) refers to bootload.o(.constdata) for __FUNCTION__
    bootload.o(i.bl_opcode_erase_handler) refers to elog.o(i.elog_output) for elog_output
    bootload.o(i.bl_opcode_erase_handler) refers to bootload.o(i.bl_response) for bl_response
    bootload.o(i.bl_opcode_erase_handler) refers to bootload.o(i.get_u32_inc) for get_u32_inc
    bootload.o(i.bl_opcode_erase_handler) refers to stm32_flash.o(i.stm32_flash_unlock) for stm32_flash_unlock
    bootload.o(i.bl_opcode_erase_handler) refers to stm32_flash.o(i.stm32_flash_erase) for stm32_flash_erase
    bootload.o(i.bl_opcode_erase_handler) refers to stm32_flash.o(i.stm32_flash_lock) for stm32_flash_lock
    bootload.o(i.bl_opcode_erase_handler) refers to bootload.o(.constdata) for __FUNCTION__
    bootload.o(i.bl_opcode_erase_handler) refers to bootload.o(.data) for packet_payload_length
    bootload.o(i.bl_opcode_erase_handler) refers to bootload.o(.bss) for packet_buf
    bootload.o(i.bl_opcode_inquery_handler) refers to elog.o(i.elog_output) for elog_output
    bootload.o(i.bl_opcode_inquery_handler) refers to bootload.o(i.bl_response) for bl_response
    bootload.o(i.bl_opcode_inquery_handler) refers to bootload.o(i.put_u16) for put_u16
    bootload.o(i.bl_opcode_inquery_handler) refers to bootload.o(.constdata) for __FUNCTION__
    bootload.o(i.bl_opcode_inquery_handler) refers to bootload.o(.data) for packet_payload_length
    bootload.o(i.bl_opcode_inquery_handler) refers to bootload.o(.bss) for packet_buf
    bootload.o(i.bl_opcode_program_handler) refers to elog.o(i.elog_output) for elog_output
    bootload.o(i.bl_opcode_program_handler) refers to bootload.o(i.bl_response) for bl_response
    bootload.o(i.bl_opcode_program_handler) refers to bootload.o(i.get_u32_inc) for get_u32_inc
    bootload.o(i.bl_opcode_program_handler) refers to stm32_flash.o(i.stm32_flash_unlock) for stm32_flash_unlock
    bootload.o(i.bl_opcode_program_handler) refers to stm32_flash.o(i.stm32_flash_program) for stm32_flash_program
    bootload.o(i.bl_opcode_program_handler) refers to stm32_flash.o(i.stm32_flash_lock) for stm32_flash_lock
    bootload.o(i.bl_opcode_program_handler) refers to bootload.o(.constdata) for __FUNCTION__
[...]
    ..\firmware\driver\src\stm32f4xx_dbgmcu.c 0x00000000   Number         0  stm32f4xx_dbgmcu.o ABSOLUTE
    ..\firmware\driver\src\stm32f4xx_dcmi.c  0x00000000   Number         0  stm32f4xx_dcmi.o ABSOLUTE
    ..\firmware\driver\src\stm32f4xx_dfsdm.c 0x00000000   Number         0  stm32f4xx_dfsdm.o ABSOLUTE
    ..\firmware\driver\src\stm32f4xx_dma.c   0x00000000   Number         0  stm32f4xx_dma.o ABSOLUTE
    ..\firmware\driver\src\stm32f4xx_dma2d.c 0x00000000   Number         0  stm32f4xx_dma2d.o ABSOLUTE
    ..\firmware\driver\src\stm32f4xx_dsi.c   0x00000000   Number         0  stm32f4xx_dsi.o ABSOLUTE
    ..\firmware\driver\src\stm32f4xx_exti.c  0x00000000   Number         0  stm32f4xx_exti.o ABSOLUTE
    ..\firmware\driver\src\stm32f4xx_flash.c 0x00000000   Number         0  stm32f4xx_flash.o ABSOLUTE
    ..\firmware\driver\src\stm32f4xx_flash_ramfunc.c 0x00000000   Number         0  stm32f4xx_flash_ramfunc.o ABSOLUTE
    ..\firmware\driver\src\stm32f4xx_fmpi2c.c 0x00000000   Number         0  stm32f4xx_fmpi2c.o ABSOLUTE
    ..\firmware\driver\src\stm32f4xx_fsmc.c  0x00000000   Number         0  stm32f4xx_fsmc.o ABSOLUTE
    ..\firmware\driver\src\stm32f4xx_gpio.c  0x00000000   Number         0  stm32f4xx_gpio.o ABSOLUTE
    ..\firmware\driver\src\stm32f4xx_hash.c  0x00000000   Number         0  stm32f4xx_hash.o ABSOLUTE
    ..\firmware\driver\src\stm32f4xx_hash_md5.c 0x00000000   Number         0  stm32f4xx_hash_md5.o ABSOLUTE
    ..\firmware\driver\src\stm32f4xx_hash_sha1.c 0x00000000   Number         0  stm32f4xx_hash_sha1.o ABSOLUTE
    ..\firmware\driver\src\stm32f4xx_i2c.c   0x00000000   Number         0  stm32f4xx_i2c.o ABSOLUTE
    ..\firmware\driver\src\stm32f4xx_iwdg.c  0x00000000   Number         0  stm32f4xx_iwdg.o ABSOLUTE
    ..\firmware\driver\src\stm32f4xx_lptim.c 0x00000000   Number         0  stm32f4xx_lptim.o ABSOLUTE
    ..\firmware\driver\src\stm32f4xx_ltdc.c  0x00000000   Number         0  stm32f4xx_ltdc.o ABSOLUTE
    ..\firmware\driver\src\stm32f4xx_pwr.c   0x00000000   Number         0  stm32f4xx_pwr.o ABSOLUTE
    ..\firmware\driver\src\stm32f4xx_qspi.c  0x00000000   Number         0  stm32f4xx_qspi.o ABSOLUTE
    ..\firmware\driver\src\stm32f4xx_rcc.c   0x00000000   Number         0  stm32f4xx_rcc.o ABSOLUTE
    ..\firmware\driver\src\stm32f4xx_rng.c   0x00000000   Number         0  stm32f4xx_rng.o ABSOLUTE
    ..\firmware\driver\src\stm32f4xx_rtc.c   0x00000000   Number         0  stm32f4xx_rtc.o ABSOLUTE
    ..\firmware\driver\src\stm32f4xx_sai.c   0x00000000   Number         0  stm32f4xx_sai.o ABSOLUTE
    ..\firmware\driver\src\stm32f4xx_sdio.c  0x00000000   Number         0  stm32f4xx_sdio.o ABSOLUTE
    ..\firmware\driver\src\stm32f4xx_spdifrx.c 0x00000000   Number         0  stm32f4xx_spdifrx.o ABSOLUTE
    ..\firmware\driver\src\stm32f4xx_spi.c   0x00000000   Number         0  stm32f4xx_spi.o ABSOLUTE
    ..\firmware\driver\src\stm32f4xx_syscfg.c 0x00000000   Number         0  stm32f4xx_syscfg.o ABSOLUTE
    ..\firmware\driver\src\stm32f4xx_tim.c   0x00000000   Number         0  stm32f4xx_tim.o ABSOLUTE
    ..\firmware\driver\src\stm32f4xx_usart.c 0x00000000   Number         0  stm32f4xx_usart.o ABSOLUTE
    ..\firmware\driver\src\stm32f4xx_wwdg.c  0x00000000   Number         0  stm32f4xx_wwdg.o ABSOLUTE
    ..\third_lib\crc\crc16.c                 0x00000000   Number         0  crc16.o ABSOLUTE
    ..\third_lib\crc\crc32.c                 0x00000000   Number         0  crc32.o ABSOLUTE
    ..\third_lib\crc\crc_poly.c              0x00000000   Number         0  crc_poly.o ABSOLUTE
    ..\third_lib\easylogger\elog.c           0x00000000   Number         0  elog.o ABSOLUTE
    ..\third_lib\easylogger\elog_port.c      0x00000000   Number         0  elog_port.o ABSOLUTE
    ..\third_lib\easylogger\elog_utils.c     0x00000000   Number         0  elog_utils.o ABSOLUTE
    ..\third_lib\ringbuffer\ringbuffer.c     0x00000000   Number         0  ringbuffer.o ABSOLUTE
    cdrcmple.s                               0x00000000   Number         0  cdrcmple.o ABSOLUTE
    dc.s                                     0x00000000   Number         0  dc.o ABSOLUTE
    handlers.s                               0x00000000   Number         0  handlers.o ABSOLUTE
    init.s                                   0x00000000   Number         0  init.o ABSOLUTE
    RESET                                    0x08000000   Section      392  startup_stm32f40_41xxx.o(RESET)
    .ARM.Collect$$$$00000000                 0x08000188   Section        0  entry.o(.ARM.Collect$$$$00000000)
    .ARM.Collect$$$$00000001                 0x08000188   Section        4  entry2.o(.ARM.Collect$$$$00000001)
    .ARM.Collect$$$$00000004                 0x0800018c   Section        4  entry5.o(.ARM.Collect$$$$00000004)
    .ARM.Collect$$$$00000008                 0x08000190   Section        0  entry7b.o(.ARM.Collect$$$$00000008)
    .ARM.Collect$$$$0000000A                 0x08000190   Section        0  entry8b.o(.ARM.Collect$$$$0000000A)
    .ARM.Collect$$$$0000000B                 0x08000190   Section        8  entry9a.o(.ARM.Collect$$$$0000000B)
    .ARM.Collect$$$$0000000E                 0x08000198   Section        4  entry12b.o(.ARM.Collect$$$$0000000E)
    .ARM.Collect$$$$0000000F                 0x0800019c   Section        0  entry10a.o(.ARM.Collect$$$$0000000F)
    .ARM.Collect$$$$00000011                 0x0800019c   Section        0  entry11a.o(.ARM.Collect$$$$00000011)
    .ARM.Collect$$$$00002712                 0x0800019c   Section        4  entry2.o(.ARM.Collect$$$$00002712)
    __lit__00000000                          0x0800019c   Data           4  entry2.o(.ARM.Collect$$$$00002712)
    .text                                    0x080001a0   Section        8  jumpapp.o(.text)
    $v0                                      0x080001a0   Number         0  jumpapp.o(.text)
    .text                                    0x080001a8   Section       36  startup_stm32f40_41xxx.o(.text)
    $v0                                      0x080001a8   Number         0  startup_stm32f40_41xxx.o(.text)
    .text                                    0x080001cc   Section        0  uldiv.o(.text)
    .text                                    0x0800022e   Section        0  memcpya.o(.text)
    .text                                    0x08000252   Section        0  memseta.o(.text)
    .text                                    0x08000276   Section        0  strstr.o(.text)
    .text                                    0x0800029a   Section        0  strlen.o(.text)
    .text                                    0x080002a8   Section        0  strncmp.o(.text)
    .text                                    0x080002c6   Section        0  uidiv.o(.text)
    .text                                    0x080002f2   Section        0  llshl.o(.text)
    .text                                    0x08000310   Section        0  llushr.o(.text)
    .text                                    0x08000330   Section        0  iusefp.o(.text)
    .text                                    0x08000330   Section        0  dadd.o(.text)
    .text                                    0x0800047e   Section        0  dmul.o(.text)
    .text                                    0x08000562   Section        0  ddiv.o(.text)
    .text                                    0x08000640   Section        0  dfixul.o(.text)
    .text                                    0x08000670   Section       48  cdrcmple.o(.text)
    .text                                    0x080006a0   Section       36  init.o(.text)
    .text                                    0x080006c4   Section        0  llsshr.o(.text)
    .text                                    0x080006e8   Section        0  depilogue.o(.text)
    .text                                    0x080007a2   Section        0  __dczerorl2.o(.text)
    i.DMA_Cmd                                0x080007f8   Section        0  stm32f4xx_dma.o(i.DMA_Cmd)
    i.DMA_Init                               0x08000810   Section        0  stm32f4xx_dma.o(i.DMA_Init)
    i.DMA_StructInit                         0x08000868   Section        0  stm32f4xx_dma.o(i.DMA_StructInit)
    i.FLASH_EraseSector                      0x0800088c   Section        0  stm32f4xx_flash.o(i.FLASH_EraseSector)
    i.FLASH_GetStatus                        0x08000914   Section        0  stm32f4xx_flash.o(i.FLASH_GetStatus)
    i.FLASH_Lock                             0x08000968   Section        0  stm32f4xx_flash.o(i.FLASH_Lock)
    i.FLASH_ProgramWord                      0x0800097c   Section        0  stm32f4xx_flash.o(i.FLASH_ProgramWord)
    i.FLASH_Unlock                           0x080009cc   Section        0  stm32f4xx_flash.o(i.FLASH_Unlock)
    i.FLASH_WaitForLastOperation             0x080009f0   Section        0  stm32f4xx_flash.o(i.FLASH_WaitForLastOperation)
    i.GPIO_Init                              0x08000a12   Section        0  stm32f4xx_gpio.o(i.GPIO_Init)
    i.GPIO_PinAFConfig                       0x08000aa2   Section        0  stm32f4xx_gpio.o(i.GPIO_PinAFConfig)
    i.GPIO_ReadInputDataBit                  0x08000ae8   Section        0  stm32f4xx_gpio.o(i.GPIO_ReadInputDataBit)
    i.GPIO_StructInit                        0x08000afa   Section        0  stm32f4xx_gpio.o(i.GPIO_StructInit)
    i.GPIO_WriteBit                          0x08000b0c   Section        0  stm32f4xx_gpio.o(i.GPIO_WriteBit)
    i.NVIC_DisableIRQ                        0x08000b18   Section        0  bootload.o(i.NVIC_DisableIRQ)
    NVIC_DisableIRQ                          0x08000b19   Thumb Code    18  bootload.o(i.NVIC_DisableIRQ)
    i.NVIC_Init                              0x08000b30   Section        0  misc.o(i.NVIC_Init)
    i.NVIC_PriorityGroupConfig               0x08000ba8   Section        0  misc.o(i.NVIC_PriorityGroupConfig)
    i.NVIC_SystemReset                       0x08000bbc   Section        0  bootload.o(i.NVIC_SystemReset)
    NVIC_SystemReset                         0x08000bbd   Thumb Code    56  bootload.o(i.NVIC_SystemReset)
    i.RCC_AHB1PeriphClockCmd                 0x08000bfc   Section        0  stm32f4xx_rcc.o(i.RCC_AHB1PeriphClockCmd)
    i.RCC_APB1PeriphClockCmd                 0x08000c1c   Section        0  stm32f4xx_rcc.o(i.RCC_APB1PeriphClockCmd)
    i.RCC_APB1PeriphResetCmd                 0x08000c3c   Section        0  stm32f4xx_rcc.o(i.RCC_APB1PeriphResetCmd)
    i.RCC_APB2PeriphClockCmd                 0x08000c5c   Section        0  stm32f4xx_rcc.o(i.RCC_APB2PeriphClockCmd)
    i.RCC_APB2PeriphResetCmd                 0x08000c7c   Section        0  stm32f4xx_rcc.o(i.RCC_APB2PeriphResetCmd)
    i.RCC_GetClocksFreq                      0x08000c9c   Section        0  stm32f4xx_rcc.o(i.RCC_GetClocksFreq)
    i.SetSysClock                            0x08000d84   Section        0  system_stm32f4xx.o(i.SetSysClock)
    SetSysClock                              0x08000d85   Thumb Code   220  system_stm32f4xx.o(i.SetSysClock)
    i.SystemInit                             0x08000e70   Section        0  system_stm32f4xx.o(i.SystemInit)
    i.TIM6_DAC_IRQHandler                    0x08000ed8   Section        0  tim_delay.o(i.TIM6_DAC_IRQHandler)
    i.TIM_ClearITPendingBit                  0x08000f1c   Section        0  stm32f4xx_tim.o(i.TIM_ClearITPendingBit)
    i.TIM_Cmd                                0x08000f22   Section        0  stm32f4xx_tim.o(i.TIM_Cmd)
    i.TIM_DeInit                             0x08000f3c   Section        0  stm32f4xx_tim.o(i.TIM_DeInit)
    i.TIM_GetCounter                         0x080010cc   Section        0  stm32f4xx_tim.o(i.TIM_GetCounter)
    i.TIM_GetITStatus                        0x080010d2   Section        0  stm32f4xx_tim.o(i.TIM_GetITStatus)
    i.TIM_ITConfig                           0x080010f4   Section        0  stm32f4xx_tim.o(i.TIM_ITConfig)
    i.TIM_TimeBaseInit                       0x08001108   Section        0  stm32f4xx_tim.o(i.TIM_TimeBaseInit)
    i.TIM_TimeBaseStructInit                 0x0800118c   Section        0  stm32f4xx_tim.o(i.TIM_TimeBaseStructInit)
    i.USART3_IRQHandler                      0x080011a0   Section        0  bl_usart.o(i.USART3_IRQHandler)
    i.USART_ClearFlag                        0x080011e0   Section        0  stm32f4xx_usart.o(i.USART_ClearFlag)
    i.USART_ClearITPendingBit                0x080011f2   Section        0  stm32f4xx_usart.o(i.USART_ClearITPendingBit)
    i.USART_Cmd                              0x08001210   Section        0  stm32f4xx_usart.o(i.USART_Cmd)
    i.USART_DeInit                           0x08001228   Section        0  stm32f4xx_usart.o(i.USART_DeInit)
    i.USART_GetFlagStatus                    0x08001318   Section        0  stm32f4xx_usart.o(i.USART_GetFlagStatus)
    i.USART_GetITStatus                      0x08001332   Section        0  stm32f4xx_usart.o(i.USART_GetITStatus)
    i.USART_ITConfig                         0x08001386   Section        0  stm32f4xx_usart.o(i.USART_ITConfig)
    i.USART_Init                             0x080013d0   Section        0  stm32f4xx_usart.o(i.USART_Init)
    i.USART_ReceiveData                      0x080014a4   Section        0  stm32f4xx_usart.o(i.USART_ReceiveData)
    i.USART_SendData                         0x080014ae   Section        0  stm32f4xx_usart.o(i.USART_SendData)
    i.USART_StructInit                       0x080014b6   Section        0  stm32f4xx_usart.o(i.USART_StructInit)
    i.__0snprintf                            0x080014d0   Section        0  printfa.o(i.__0snprintf)
    i.__0vsnprintf                           0x08001504   Section        0  printfa.o(i.__0vsnprintf)
    i.__scatterload_copy                     0x08001538   Section       14  handlers.o(i.__scatterload_copy)
    i.__scatterload_null                     0x08001546   Section        2  handlers.o(i.__scatterload_null)
    i.__scatterload_zeroinit                 0x08001548   Section       14  handlers.o(i.__scatterload_zeroinit)
    i._fp_digits                             0x08001558   Section        0  printfa.o(i._fp_digits)
    _fp_digits                               0x08001559   Thumb Code   366  printfa.o(i._fp_digits)
    i._printf_core                           0x080016dc   Section        0  printfa.o(i._printf_core)
    _printf_core                             0x080016dd   Thumb Code  1704  printfa.o(i._printf_core)
    i._printf_post_padding                   0x08001d90   Section        0  printfa.o(i._printf_post_padding)
    _printf_post_padding                     0x08001d91   Thumb Code    36  printfa.o(i._printf_post_padding)
    i._printf_pre_padding                    0x08001db4   Section        0  printfa.o(i._printf_pre_padding)
    _printf_pre_padding                      0x08001db5   Thumb Code    46  printfa.o(i._printf_pre_padding)
    i._snputc                                0x08001de2   Section        0  printfa.o(i._snputc)
    _snputc                                  0x08001de3   Thumb Code    22  printfa.o(i._snputc)
    i.application_validate                   0x08001df8   Section        0  bootload.o(i.application_validate)
    application_validate                     0x08001df9   Thumb Code   102  bootload.o(i.application_validate)
    i.bl_byte_handler                        0x08001ee4   Section        0  bootload.o(i.bl_byte_handler)
    bl_byte_handler                          0x08001ee5   Thumb Code   500  bootload.o(i.bl_byte_handler)
    i.bl_opcode_boot_handler                 0x08002198   Section        0  bootload.o(i.bl_opcode_boot_handler)
    bl_opcode_boot_handler                   0x08002199   Thumb Code    42  bootload.o(i.bl_opcode_boot_handler)
    i.bl_opcode_erase_handler                0x080021f8   Section        0  bootload.o(i.bl_opcode_erase_handler)
    bl_opcode_erase_handler                  0x080021f9   Thumb Code   226  bootload.o(i.bl_opcode_erase_handler)
    i.bl_opcode_inquery_handler              0x0800238c   Section        0  bootload.o(i.bl_opcode_inquery_handler)
    bl_opcode_inquery_handler                0x0800238d   Thumb Code   134  bootload.o(i.bl_opcode_inquery_handler)
    i.bl_opcode_program_handler              0x08002498   Section        0  bootload.o(i.bl_opcode_program_handler)
    bl_opcode_program_handler                0x08002499   Thumb Code   314  bootload.o(i.bl_opcode_program_handler)
    i.bl_opcode_reset_handler                0x080026fc   Section        0  bootload.o(i.bl_opcode_reset_handler)
    bl_opcode_reset_handler                  0x080026fd   Thumb Code    68  bootload.o(i.bl_opcode_reset_handler)
    i.bl_opcode_verify_handler               0x08002788   Section        0  bootload.o(i.bl_opcode_verify_handler)
    bl_opcode_verify_handler                 0x08002789   Thumb Code   228  bootload.o(i.bl_opcode_verify_handler)
    i.bl_packet_handler                      0x08002934   Section        0  bootload.o(i.bl_packet_handler)
    bl_packet_handler                        0x08002935   Thumb Code   104  bootload.o(i.bl_packet_handler)
    i.bl_response                            0x080029dc   Section        0  bootload.o(i.bl_response)
    bl_response                              0x080029dd   Thumb Code   112  bootload.o(i.bl_response)
    i.bl_rx_handler                          0x08002a50   Section        0  bootload.o(i.bl_rx_handler)
    bl_rx_handler                            0x08002a51   Thumb Code    20  bootload.o(i.bl_rx_handler)
    i.bl_usart_init                          0x08002a68   Section        0  bl_usart.o(i.bl_usart_init)
    i.bl_usart_register_rx_callback          0x08002a7c   Section        0  bl_usart.o(i.bl_usart_register_rx_callback)
    i.bl_usart_write                         0x08002a88   Section        0  bl_usart.o(i.bl_usart_write)
    i.board_lowlevel_init                    0x08002ab8   Section        0  board.o(i.board_lowlevel_init)
    i.boot_application                       0x08002b0c   Section        0  bootload.o(i.boot_application)
    boot_application                         0x08002b0d   Thumb Code   114  bootload.o(i.boot_application)
    i.bootloader_main                        0x08002c04   Section        0  bootload.o(i.bootloader_main)
    i.crc16                                  0x08002d28   Section        0  crc16.o(i.crc16)
    i.crc32                                  0x08002d54   Section        0  crc32.o(i.crc32)
    i.elog_get_filter_tag_lvl                0x08002d88   Section        0  elog.o(i.elog_get_filter_tag_lvl)
    i.elog_init                              0x08002e98   Section        0  elog.o(i.elog_init)
    i.elog_output                            0x08002ee4   Section        0  elog.o(i.elog_output)
    i.elog_output_lock                       0x080032a4   Section        0  elog.o(i.elog_output_lock)
    i.elog_output_lock_enabled               0x080032cc   Section        0  elog.o(i.elog_output_lock_enabled)
    i.elog_output_unlock                     0x0800330c   Section        0  elog.o(i.elog_output_unlock)
    i.elog_port_get_p_info                   0x08003334   Section        0  elog_port.o(i.elog_port_get_p_info)
    i.elog_port_get_t_info                   0x0800333c   Section        0  elog_port.o(i.elog_port_get_t_info)
    i.elog_port_get_time                     0x08003344   Section        0  elog_port.o(i.elog_port_get_time)
    i.elog_port_init                         0x080033a8   Section        0  elog_port.o(i.elog_port_init)
    i.elog_port_output                       0x080033ac   Section        0  elog_port.o(i.elog_port_output)
    i.elog_port_output_lock                  0x080033c4   Section        0  elog_port.o(i.elog_port_output_lock)
    i.elog_port_output_unlock                0x080033c6   Section        0  elog_port.o(i.elog_port_output_unlock)
    i.elog_set_filter_lvl                    0x080033c8   Section        0  elog.o(i.elog_set_filter_lvl)
    i.elog_set_filter_tag_lvl_default        0x08003488   Section        0  elog.o(i.elog_set_filter_tag_lvl_default)
    elog_set_filter_tag_lvl_default          0x08003489   Thumb Code    54  elog.o(i.elog_set_filter_tag_lvl_default)
    i.elog_set_fmt                           0x080034c4   Section        0  elog.o(i.elog_set_fmt)
    i.elog_set_output_enabled                0x08003588   Section        0  elog.o(i.elog_set_output_enabled)
    i.elog_start                             0x0800365c   Section        0  elog.o(i.elog_start)
    i.elog_strcpy                            0x080036ec   Section        0  elog_utils.o(i.elog_strcpy)
    i.get_fmt_enabled                        0x080037f4   Section        0  elog.o(i.get_fmt_enabled)
    get_fmt_enabled                          0x080037f5   Thumb Code    90  elog.o(i.get_fmt_enabled)
    i.get_fmt_used_and_enabled_ptr           0x080038c4   Section        0  elog.o(i.get_fmt_used_and_enabled_ptr)
    get_fmt_used_and_enabled_ptr             0x080038c5   Thumb Code    28  elog.o(i.get_fmt_used_and_enabled_ptr)
    i.get_fmt_used_and_enabled_u32           0x080038e0   Section        0  elog.o(i.get_fmt_used_and_enabled_u32)
    get_fmt_used_and_enabled_u32             0x080038e1   Thumb Code    28  elog.o(i.get_fmt_used_and_enabled_u32)
    i.get_u32_inc                            0x080038fc   Section        0  bootload.o(i.get_u32_inc)
    get_u32_inc                              0x080038fd   Thumb Code    16  bootload.o(i.get_u32_inc)
    i.key_init                               0x0800390c   Section        0  key.o(i.key_init)
    i.key_press_check                        0x08003938   Section        0  bootload.o(i.key_press_check)
    key_press_check                          0x08003939   Thumb Code    40  bootload.o(i.key_press_check)
    i.key_read                               0x08003964   Section        0  key.o(i.key_read)
    i.key_trap_check                         0x08003980   Section        0  bootload.o(i.key_trap_check)
    key_trap_check                           0x08003981   Thumb Code    62  bootload.o(i.key_trap_check)
    i.led_init                               0x08003a10   Section        0  led.o(i.led_init)
    i.led_off                                0x08003a4c   Section        0  led.o(i.led_off)
    i.led_on                                 0x08003a5e   Section        0  led.o(i.led_on)
    i.magic_header_get_address               0x08003a70   Section        0  magic_header.o(i.magic_header_get_address)
    i.magic_header_get_crc32                 0x08003a7c   Section        0  magic_header.o(i.magic_header_get_crc32)
    i.magic_header_get_length                0x08003a88   Section        0  magic_header.o(i.magic_header_get_length)
    i.magic_header_trap_boot                 0x08003a94   Section        0  bootload.o(i.magic_header_trap_boot)
    i.magic_header_validate                  0x08003b60   Section        0  magic_header.o(i.magic_header_validate)
    i.main                                   0x08003b94   Section        0  main.o(i.main)
    i.next_head                              0x08003be2   Section        0  ringbuffer.o(i.next_head)
    next_head                                0x08003be3   Thumb Code    24  ringbuffer.o(i.next_head)
    i.put_u16                                0x08003bfa   Section        0  bootload.o(i.put_u16)
    put_u16                                  0x08003bfb   Thumb Code     4  bootload.o(i.put_u16)
    i.put_u16_inc                            0x08003bfe   Section        0  bootload.o(i.put_u16_inc)
    put_u16_inc                              0x08003bff   Thumb Code    24  bootload.o(i.put_u16_inc)
    i.put_u8_inc                             0x08003c16   Section        0  bootload.o(i.put_u8_inc)
    put_u8_inc                               0x08003c17   Thumb Code    16  bootload.o(i.put_u8_inc)
    i.rb_empty                               0x08003c26   Section        0  ringbuffer.o(i.rb_empty)
    i.rb_full                                0x08003c38   Section        0  ringbuffer.o(i.rb_full)
    i.rb_get                                 0x08003c50   Section        0  ringbuffer.o(i.rb_get)
    i.rb_new                                 0x08003c86   Section        0  ringbuffer.o(i.rb_new)
    i.rb_put                                 0x08003ca2   Section        0  ringbuffer.o(i.rb_put)
    i.rb_puts                                0x08003cc6   Section        0  ringbuffer.o(i.rb_puts)
    i.rx_trap_boot                           0x08003cec   Section        0  bootload.o(i.rx_trap_boot)
    i.stm32_flash_erase                      0x08003d80   Section        0  stm32_flash.o(i.stm32_flash_erase)
    i.stm32_flash_lock                       0x08003e68   Section        0  stm32_flash.o(i.stm32_flash_lock)
    i.stm32_flash_program                    0x08003e70   Section        0  stm32_flash.o(i.stm32_flash_program)
    i.stm32_flash_unlock                     0x08003efc   Section        0  stm32_flash.o(i.stm32_flash_unlock)
    i.tim_delay_init                         0x08003f04   Section        0  tim_delay.o(i.tim_delay_init)
    i.tim_delay_ms                           0x08003f7c   Section        0  tim_delay.o(i.tim_delay_ms)
    i.tim_get_ms                             0x08003fa4   Section        0  tim_delay.o(i.tim_get_ms)
    i.tim_now                                0x08003fb8   Section        0  tim_delay.o(i.tim_now)
    i.usart_dma_config                       0x08003ff4   Section        0  bl_usart.o(i.usart_dma_config)
    usart_dma_config                         0x08003ff5   Thumb Code   166  bl_usart.o(i.usart_dma_config)
    i.usart_init                             0x080040a4   Section        0  usart.o(i.usart_init)
    i.usart_io_init                          0x080040b0   Section        0  bl_usart.o(i.usart_io_init)
    usart_io_init                            0x080040b1   Thumb Code    66  bl_usart.o(i.usart_io_init)
    i.usart_io_init                          0x080040f8   Section        0  usart.o(i.usart_io_init)
    usart_io_init                            0x080040f9   Thumb Code    56  usart.o(i.usart_io_init)
    i.usart_it_config                        0x08004134   Section        0  bl_usart.o(i.usart_it_config)
    usart_it_config                          0x08004135   Thumb Code    76  bl_usart.o(i.usart_it_config)
    i.usart_lowlevel_init                    0x08004188   Section        0  bl_usart.o(i.usart_lowlevel_init)
    usart_lowlevel_init                      0x08004189   Thumb Code    70  bl_usart.o(i.usart_lowlevel_init)
    i.usart_lowlevel_init                    0x080041d4   Section        0  usart.o(i.usart_lowlevel_init)
    usart_lowlevel_init                      0x080041d5   Thumb Code    56  usart.o(i.usart_lowlevel_init)
    i.usart_write                            0x08004210   Section        0  usart.o(i.usart_write)
    i.wait_key_release                       0x08004248   Section        0  bootload.o(i.wait_key_release)
    wait_key_release                         0x08004249   Thumb Code    24  bootload.o(i.wait_key_release)
    .constdata                               0x08004264   Section      287  bootload.o(.constdata)
    __FUNCTION__                             0x08004264   Data          21  bootload.o(.constdata)
    __FUNCTION__                             0x08004279   Data          17  bootload.o(.constdata)
    __FUNCTION__                             0x0800428a   Data          26  bootload.o(.constdata)
    __FUNCTION__                             0x080042a4   Data          24  bootload.o(.constdata)
    __FUNCTION__                             0x080042bc   Data          26  bootload.o(.constdata)
    __FUNCTION__                             0x080042d6   Data          25  bootload.o(.constdata)
    __FUNCTION__                             0x080042ef   Data          24  bootload.o(.constdata)
    __FUNCTION__                             0x08004307   Data          23  bootload.o(.constdata)
    __FUNCTION__                             0x0800431e   Data          18  bootload.o(.constdata)
    __FUNCTION__                             0x08004330   Data          16  bootload.o(.constdata)
    __FUNCTION__                             0x08004340   Data          15  bootload.o(.constdata)
    __FUNCTION__                             0x0800434f   Data          23  bootload.o(.constdata)
    __FUNCTION__                             0x08004366   Data          13  bootload.o(.constdata)
    __FUNCTION__                             0x08004373   Data          16  bootload.o(.constdata)
    .constdata                               0x08004384   Section      134  stm32_flash.o(.constdata)
    sector_descs                             0x08004384   Data          96  stm32_flash.o(.constdata)
    __FUNCTION__                             0x080043e4   Data          18  stm32_flash.o(.constdata)
    __FUNCTION__                             0x080043f6   Data          20  stm32_flash.o(.constdata)
    .constdata                               0x0800440a   Section      512  crc16.o(.constdata)
    crc16tab                                 0x0800440a   Data         512  crc16.o(.constdata)
    .constdata                               0x0800460a   Section      198  elog.o(.constdata)
    __FUNCTION__                             0x0800460a   Data          11  elog.o(.constdata)
    __FUNCTION__                             0x08004615   Data          10  elog.o(.constdata)
    __FUNCTION__                             0x0800461f   Data          24  elog.o(.constdata)
    __FUNCTION__                             0x08004637   Data          13  elog.o(.constdata)
    __FUNCTION__                             0x08004644   Data          16  elog.o(.constdata)
    __FUNCTION__                             0x08004654   Data          20  elog.o(.constdata)
    __FUNCTION__                             0x08004668   Data          24  elog.o(.constdata)
    __FUNCTION__                             0x08004680   Data          24  elog.o(.constdata)
    __FUNCTION__                             0x08004698   Data          12  elog.o(.constdata)
    __FUNCTION__                             0x080046a4   Data          16  elog.o(.constdata)
    __FUNCTION__                             0x080046b4   Data          14  elog.o(.constdata)
    __FUNCTION__                             0x080046c2   Data          14  elog.o(.constdata)
    .constdata                               0x080046d0   Section       35  elog_utils.o(.constdata)
    __FUNCTION__                             0x080046d0   Data          12  elog_utils.o(.constdata)
    __FUNCTION__                             0x080046dc   Data          11  elog_utils.o(.constdata)
    __FUNCTION__                             0x080046e7   Data          12  elog_utils.o(.constdata)
    .conststring                             0x080046f4   Section       23  elog.o(.conststring)
    .data                                    0x20000000   Section       84  board.o(.data)
    _led1                                    0x20000000   Data          12  board.o(.data)
    _led2                                    0x2000000c   Data          12  board.o(.data)
    _led3                                    0x20000018   Data          12  board.o(.data)
    _key1                                    0x20000030   Data           8  board.o(.data)
    _key2                                    0x20000038   Data           8  board.o(.data)
    _key3                                    0x20000040   Data           8  board.o(.data)
    .data                                    0x20000058   Section       24  bootload.o(.data)
    packet_state                             0x20000058   Data           1  bootload.o(.data)
    packet_index                             0x2000005a   Data           2  bootload.o(.data)
    packet_opcode                            0x2000005c   Data           1  bootload.o(.data)
    packet_payload_length                    0x2000005e   Data           2  bootload.o(.data)
    rxrb                                     0x20000060   Data           4  bootload.o(.data)
    last_byte_ms                             0x20000068   Data           8  bootload.o(.data)
    .data                                    0x20000070   Section        4  bl_usart.o(.data)
    rx_callback                              0x20000070   Data           4  bl_usart.o(.data)
    .data                                    0x20000078   Section       12  tim_delay.o(.data)
    tim_tick_count                           0x20000078   Data           8  tim_delay.o(.data)
    periodic_callback                        0x20000080   Data           4  tim_delay.o(.data)
    .data                                    0x20000084   Section       16  stm32f4xx_rcc.o(.data)
    APBAHBPrescTable                         0x20000084   Data          16  stm32f4xx_rcc.o(.data)
    .data                                    0x20000094   Section     1024  crc32.o(.data)
    crc32_tab                                0x20000094   Data        1024  crc32.o(.data)
    .data                                    0x20000494   Section       28  elog.o(.data)
    level_output_info                        0x20000494   Data          24  elog.o(.data)
    .bss                                     0x200004b0   Section     9230  bootload.o(.bss)
    packet_buf                               0x200004b0   Data        4110  bootload.o(.bss)
    rb_buf                                   0x200014be   Data        5120  bootload.o(.bss)
    .bss                                     0x200028c0   Section     1272  elog.o(.bss)
    elog                                     0x200028c0   Data         248  elog.o(.bss)
    log_buf                                  0x200029b8   Data        1024  elog.o(.bss)
    .bss                                     0x20002db8   Section       16  elog_port.o(.bss)
    time_str                                 0x20002db8   Data          16  elog_port.o(.bss)
    STACK                                    0x20002dc8   Section     1024  startup_stm32f40_41xxx.o(STACK)

    Global Symbols

    Symbol Name                              Value     Ov Type        Size  Object(Section)

    BuildAttributes$$THM_ISAv4$E$P$D$K$B$S$7EM$VFPi3$EXTD16$VFPS$VFMA$PE$A:L22UL41UL21$X:L11$S22US41US21$IEEE1$IW$USESV6$~STKCKD$USESV7$~SHL$OSPACE$ROPI$EBA8$MICROLIB$REQ8$PRES8$EABIv2 0x00000000   Number         0  anon$$obj.o ABSOLUTE
    __ARM_use_no_argv                        0x00000000   Number         0  main.o ABSOLUTE
    _printf_a                                0x00000000   Number         0  stubs.o ABSOLUTE
    _printf_c                                0x00000000   Number         0  stubs.o ABSOLUTE
    _printf_charcount                        0x00000000   Number         0  stubs.o ABSOLUTE
    _printf_d                                0x00000000   Number         0  stubs.o ABSOLUTE
    _printf_e                                0x00000000   Number         0  stubs.o ABSOLUTE
    _printf_f                                0x00000000   Number         0  stubs.o ABSOLUTE
    _printf_flags                            0x00000000   Number         0  stubs.o ABSOLUTE
    _printf_fp_dec                           0x00000000   Number         0  stubs.o ABSOLUTE
    _printf_fp_hex                           0x00000000   Number         0  stubs.o ABSOLUTE
    _printf_g                                0x00000000   Number         0  stubs.o ABSOLUTE
    _printf_i                                0x00000000   Number         0  stubs.o ABSOLUTE
    _printf_int_dec                          0x00000000   Number         0  stubs.o ABSOLUTE
    _printf_l                                0x00000000   Number         0  stubs.o ABSOLUTE
    _printf_lc                               0x00000000   Number         0  stubs.o ABSOLUTE
    _printf_ll                               0x00000000   Number         0  stubs.o ABSOLUTE
    _printf_lld                              0x00000000   Number         0  stubs.o ABSOLUTE
    _printf_lli                              0x00000000   Number         0  stubs.o ABSOLUTE
    _printf_llo                              0x00000000   Number         0  stubs.o ABSOLUTE
    _printf_llu                              0x00000000   Number         0  stubs.o ABSOLUTE
    _printf_llx                              0x00000000   Number         0  stubs.o ABSOLUTE
    _printf_longlong_dec                     0x00000000   Number         0  stubs.o ABSOLUTE
    _printf_longlong_hex                     0x00000000   Number         0  stubs.o ABSOLUTE
    _printf_longlong_oct                     0x00000000   Number         0  stubs.o ABSOLUTE
    _printf_ls                               0x00000000   Number         0  stubs.o ABSOLUTE
    _printf_mbtowc                           0x00000000   Number         0  stubs.o ABSOLUTE
    _printf_n                                0x00000000   Number         0  stubs.o ABSOLUTE
    _printf_o                                0x00000000   Number         0  stubs.o ABSOLUTE
    _printf_p                                0x00000000   Number         0  stubs.o ABSOLUTE
    _printf_percent                          0x00000000   Number         0  stubs.o ABSOLUTE
    _printf_pre_padding                      0x00000000   Number         0  stubs.o ABSOLUTE
    _printf_return_value                     0x00000000   Number         0  stubs.o ABSOLUTE
    _printf_s                                0x00000000   Number         0  stubs.o ABSOLUTE
    _printf_sizespec                         0x00000000   Number         0  stubs.o ABSOLUTE
    _printf_str                              0x00000000   Number         0  stubs.o ABSOLUTE
    _printf_truncate_signed                  0x00000000   Number         0  stubs.o ABSOLUTE
    _printf_truncate_unsigned                0x00000000   Number         0  stubs.o ABSOLUTE
    _printf_u                                0x00000000   Number         0  stubs.o ABSOLUTE
    _printf_wc                               0x00000000   Number         0  stubs.o ABSOLUTE
    _printf_wctomb                           0x00000000   Number         0  stubs.o ABSOLUTE
    _printf_widthprec                        0x00000000   Number         0  stubs.o ABSOLUTE
    _printf_x                                0x00000000   Number         0  stubs.o ABSOLUTE
    __arm_fini_                               - Undefined Weak Reference
    __cpp_initialize__aeabi_                  - Undefined Weak Reference
    __cxa_finalize                            - Undefined Weak Reference
    _clock_init                               - Undefined Weak Reference
    _microlib_exit                            - Undefined Weak Reference
    __Vectors_Size                           0x00000188   Number         0  startup_stm32f40_41xxx.o ABSOLUTE
    __Vectors                                0x08000000   Data           4  startup_stm32f40_41xxx.o(RESET)
    __Vectors_End                            0x08000188   Data           0  startup_stm32f40_41xxx.o(RESET)
    __main                                   0x08000189   Thumb Code     0  entry.o(.ARM.Collect$$$$00000000)
    _main_stk                                0x08000189   Thumb Code     0  entry2.o(.ARM.Collect$$$$00000001)
    _main_scatterload                        0x0800018d   Thumb Code     0  entry5.o(.ARM.Collect$$$$00000004)
    __main_after_scatterload                 0x08000191   Thumb Code     0  entry5.o(.ARM.Collect$$$$00000004)
    _main_clock                              0x08000191   Thumb Code     0  entry7b.o(.ARM.Collect$$$$00000008)
    _main_cpp_init                           0x08000191   Thumb Code     0  entry8b.o(.ARM.Collect$$$$0000000A)
    _main_init                               0x08000191   Thumb Code     0  entry9a.o(.ARM.Collect$$$$0000000B)
    __rt_lib_shutdown_fini                   0x08000199   Thumb Code     0  entry12b.o(.ARM.Collect$$$$0000000E)
    __rt_final_cpp                           0x0800019d   Thumb Code     0  entry10a.o(.ARM.Collect$$$$0000000F)
    __rt_final_exit                          0x0800019d   Thumb Code     0  entry11a.o(.ARM.Collect$$$$00000011)
    JumpApp                                  0x080001a1   Thumb Code     8  jumpapp.o(.text)
    Reset_Handler                            0x080001a9   Thumb Code     8  startup_stm32f40_41xxx.o(.text)
    NMI_Handler                              0x080001b1   Thumb Code     2  startup_stm32f40_41xxx.o(.text)
    HardFault_Handler                        0x080001b3   Thumb Code     2  startup_stm32f40_41xxx.o(.text)
    MemManage_Handler                        0x080001b5   Thumb Code     2  startup_stm32f40_41xxx.o(.text)
    BusFault_Handler                         0x080001b7   Thumb Code     2  startup_stm32f40_41xxx.o(.text)
    UsageFault_Handler                       0x080001b9   Thumb Code     2  startup_stm32f40_41xxx.o(.text)
    SVC_Handler                              0x080001bb   Thumb Code     2  startup_stm32f40_41xxx.o(.text)
    DebugMon_Handler                         0x080001bd   Thumb Code     2  startup_stm32f40_41xxx.o(.text)
    PendSV_Handler                           0x080001bf   Thumb Code     2  startup_stm32f40_41xxx.o(.text)
    SysTick_Handler                          0x080001c1   Thumb Code     2  startup_stm32f40_41xxx.o(.text)
    ADC_IRQHandler                           0x080001c3   Thumb Code     0  startup_stm32f40_41xxx.o(.text)
    CAN1_RX0_IRQHandler                      0x080001c3   Thumb Code     0  startup_stm32f40_41xxx.o(.text)
    CAN1_RX1_IRQHandler                      0x080001c3   Thumb Code     0  startup_stm32f40_41xxx.o(.text)
    CAN1_SCE_IRQHandler                      0x080001c3   Thumb Code     0  startup_stm32f40_41xxx.o(.text)
    CAN1_TX_IRQHandler                       0x080001c3   Thumb Code     0  startup_stm32f40_41xxx.o(.text)
    CAN2_RX0_IRQHandler                      0x080001c3   Thumb Code     0  startup_stm32f40_41xxx.o(.text)
    CAN2_RX1_IRQHandler                      0x080001c3   Thumb Code     0  startup_stm32f40_41xxx.o(.text)
    CAN2_SCE_IRQHandler                      0x080001c3   Thumb Code     0  startup_stm32f40_41xxx.o(.text)
    CAN2_TX_IRQHandler                       0x080001c3   Thumb Code     0  startup_stm32f40_41xxx.o(.text)
    CRYP_IRQHandler                          0x080001c3   Thumb Code     0  startup_stm32f40_41xxx.o(.text)
    DCMI_IRQHandler                          0x080001c3   Thumb Code     0  startup_stm32f40_41xxx.o(.text)
    DMA1_Stream0_IRQHandler                  0x080001c3   Thumb Code     0  startup_stm32f40_41xxx.o(.text)
    DMA1_Stream1_IRQHandler                  0x080001c3   Thumb Code     0  startup_stm32f40_41xxx.o(.text)
    DMA1_Stream2_IRQHandler                  0x080001c3   Thumb Code     0  startup_stm32f40_41xxx.o(.text)
    DMA1_Stream3_IRQHandler                  0x080001c3   Thumb Code     0  startup_stm32f40_41xxx.o(.text)
    DMA1_Stream4_IRQHandler                  0x080001c3   Thumb Code     0  startup_stm32f40_41xxx.o(.text)
    DMA1_Stream5_IRQHandler                  0x080001c3   Thumb Code     0  startup_stm32f40_41xxx.o(.text)
    DMA1_Stream6_IRQHandler                  0x080001c3   Thumb Code     0  startup_stm32f40_41xxx.o(.text)
    DMA1_Stream7_IRQHandler                  0x080001c3   Thumb Code     0  startup_stm32f40_41xxx.o(.text)
    DMA2_Stream0_IRQHandler                  0x080001c3   Thumb Code     0  startup_stm32f40_41xxx.o(.text)
    DMA2_Stream1_IRQHandler                  0x080001c3   Thumb Code     0  startup_stm32f40_41xxx.o(.text)
    DMA2_Stream2_IRQHandler                  0x080001c3   Thumb Code     0  startup_stm32f40_41xxx.o(.text)
    DMA2_Stream3_IRQHandler                  0x080001c3   Thumb Code     0  startup_stm32f40_41xxx.o(.text)
    DMA2_Stream4_IRQHandler                  0x080001c3   Thumb Code     0  startup_stm32f40_41xxx.o(.text)
    DMA2_Stream5_IRQHandler                  0x080001c3   Thumb Code     0  startup_stm32f40_41xxx.o(.text)
    DMA2_Stream6_IRQHandler                  0x080001c3   Thumb Code     0  startup_stm32f40_41xxx.o(.text)
    DMA2_Stream7_IRQHandler                  0x080001c3   Thumb Code     0  startup_stm32f40_41xxx.o(.text)
    ETH_IRQHandler                           0x080001c3   Thumb Code     0  startup_stm32f40_41xxx.o(.text)
    ETH_WKUP_IRQHandler                      0x080001c3   Thumb Code     0  startup_stm32f40_41xxx.o(.text)
    EXTI0_IRQHandler                         0x080001c3   Thumb Code     0  startup_stm32f40_41xxx.o(.text)
    EXTI15_10_IRQHandler                     0x080001c3   Thumb Code     0  startup_stm32f40_41xxx.o(.text)
    EXTI1_IRQHandler                         0x080001c3   Thumb Code     0  startup_stm32f40_41xxx.o(.text)
    EXTI2_IRQHandler                         0x080001c3   Thumb Code     0  startup_stm32f40_41xxx.o(.text)
    EXTI3_IRQHandler                         0x080001c3   Thumb Code     0  startup_stm32f40_41xxx.o(.text)
    EXTI4_IRQHandler                         0x080001c3   Thumb Code     0  startup_stm32f40_41xxx.o(.text)
    EXTI9_5_IRQHandler                       0x080001c3   Thumb Code     0  startup_stm32f40_41xxx.o(.text)
    FLASH_IRQHandler                         0x080001c3   Thumb Code     0  startup_stm32f40_41xxx.o(.text)
    FPU_IRQHandler                           0x080001c3   Thumb Code     0  startup_stm32f40_41xxx.o(.text)
    FSMC_IRQHandler                          0x080001c3   Thumb Code     0  startup_stm32f40_41xxx.o(.text)
    HASH_RNG_IRQHandler                      0x080001c3   Thumb Code     0  startup_stm32f40_41xxx.o(.text)
    I2C1_ER_IRQHandler                       0x080001c3   Thumb Code     0  startup_stm32f40_41xxx.o(.text)
    I2C1_EV_IRQHandler                       0x080001c3   Thumb Code     0  startup_stm32f40_41xxx.o(.text)
    I2C2_ER_IRQHandler                       0x080001c3   Thumb Code     0  startup_stm32f40_41xxx.o(.text)
    I2C2_EV_IRQHandler                       0x080001c3   Thumb Code     0  startup_stm32f40_41xxx.o(.text)
    I2C3_ER_IRQHandler                       0x080001c3   Thumb Code     0  startup_stm32f40_41xxx.o(.text)
    I2C3_EV_IRQHandler                       0x080001c3   Thumb Code     0  startup_stm32f40_41xxx.o(.text)
    OTG_FS_IRQHandler                        0x080001c3   Thumb Code     0  startup_stm32f40_41xxx.o(.text)
    OTG_FS_WKUP_IRQHandler                   0x080001c3   Thumb Code     0  startup_stm32f40_41xxx.o(.text)
    OTG_HS_EP1_IN_IRQHandler                 0x080001c3   Thumb Code     0  startup_stm32f40_41xxx.o(.text)
    OTG_HS_EP1_OUT_IRQHandler                0x080001c3   Thumb Code     0  startup_stm32f40_41xxx.o(.text)
    OTG_HS_IRQHandler                        0x080001c3   Thumb Code     0  startup_stm32f40_41xxx.o(.text)
    OTG_HS_WKUP_IRQHandler                   0x080001c3   Thumb Code     0  startup_stm32f40_41xxx.o(.text)
    PVD_IRQHandler                           0x080001c3   Thumb Code     0  startup_stm32f40_41xxx.o(.text)
    RCC_IRQHandler                           0x080001c3   Thumb Code     0  startup_stm32f40_41xxx.o(.text)
    RTC_Alarm_IRQHandler                     0x080001c3   Thumb Code     0  startup_stm32f40_41xxx.o(.text)
    RTC_WKUP_IRQHandler                      0x080001c3   Thumb Code     0  startup_stm32f40_41xxx.o(.text)
    SDIO_IRQHandler                          0x080001c3   Thumb Code     0  startup_stm32f40_41xxx.o(.text)
    SPI1_IRQHandler                          0x080001c3   Thumb Code     0  startup_stm32f40_41xxx.o(.text)
    SPI2_IRQHandler                          0x080001c3   Thumb Code     0  startup_stm32f40_41xxx.o(.text)
    SPI3_IRQHandler                          0x080001c3   Thumb Code     0  startup_stm32f40_41xxx.o(.text)
    TAMP_STAMP_IRQHandler                    0x080001c3   Thumb Code     0  startup_stm32f40_41xxx.o(.text)
    TIM1_BRK_TIM9_IRQHandler                 0x080001c3   Thumb Code     0  startup_stm32f40_41xxx.o(.text)
    TIM1_CC_IRQHandler                       0x080001c3   Thumb Code     0  startup_stm32f40_41xxx.o(.text)
    TIM1_TRG_COM_TIM11_IRQHandler            0x080001c3   Thumb Code     0  startup_stm32f40_41xxx.o(.text)
    TIM1_UP_TIM10_IRQHandler                 0x080001c3   Thumb Code     0  startup_stm32f40_41xxx.o(.text)
    TIM2_IRQHandler                          0x080001c3   Thumb Code     0  startup_stm32f40_41xxx.o(.text)
    TIM3_IRQHandler                          0x080001c3   Thumb Code     0  startup_stm32f40_41xxx.o(.text)
    TIM4_IRQHandler                          0x080001c3   Thumb Code     0  startup_stm32f40_41xxx.o(.text)
    TIM5_IRQHandler                          0x080001c3   Thumb Code     0  startup_stm32f40_41xxx.o(.text)
    TIM7_IRQHandler                          0x080001c3   Thumb Code     0  startup_stm32f40_41xxx.o(.text)
    TIM8_BRK_TIM12_IRQHandler                0x080001c3   Thumb Code     0  startup_stm32f40_41xxx.o(.text)
    TIM8_CC_IRQHandler                       0x080001c3   Thumb Code     0  startup_stm32f40_41xxx.o(.text)
    TIM8_TRG_COM_TIM14_IRQHandler            0x080001c3   Thumb Code     0  startup_stm32f40_41xxx.o(.text)
    TIM8_UP_TIM13_IRQHandler                 0x080001c3   Thumb Code     0  startup_stm32f40_41xxx.o(.text)
    UART4_IRQHandler                         0x080001c3   Thumb Code     0  startup_stm32f40_41xxx.o(.text)
    UART5_IRQHandler                         0x080001c3   Thumb Code     0  startup_stm32f40_41xxx.o(.text)
    USART1_IRQHandler                        0x080001c3   Thumb Code     0  startup_stm32f40_41xxx.o(.text)
    USART2_IRQHandler                        0x080001c3   Thumb Code     0  startup_stm32f40_41xxx.o(.text)
    USART6_IRQHandler                        0x080001c3   Thumb Code     0  startup_stm32f40_41xxx.o(.text)
    WWDG_IRQHandler                          0x080001c3   Thumb Code     0  startup_stm32f40_41xxx.o(.text)
    __aeabi_uldivmod                         0x080001cd   Thumb Code    98  uldiv.o(.text)
    __aeabi_memcpy                           0x0800022f   Thumb Code    36  memcpya.o(.text)
    __aeabi_memcpy4                          0x0800022f   Thumb Code     0  memcpya.o(.text)
    __aeabi_memcpy8                          0x0800022f   Thumb Code     0  memcpya.o(.text)
    __aeabi_memset                           0x08000253   Thumb Code    14  memseta.o(.text)
    __aeabi_memset4                          0x08000253   Thumb Code     0  memseta.o(.text)
    __aeabi_memset8                          0x08000253   Thumb Code     0  memseta.o(.text)
    __aeabi_memclr                           0x08000261   Thumb Code     4  memseta.o(.text)
    __aeabi_memclr4                          0x08000261   Thumb Code     0  memseta.o(.text)
    __aeabi_memclr8                          0x08000261   Thumb Code     0  memseta.o(.text)
    _memset$wrapper                          0x08000265   Thumb Code    18  memseta.o(.text)
    strstr                                   0x08000277   Thumb Code    36  strstr.o(.text)
    strlen                                   0x0800029b   Thumb Code    14  strlen.o(.text)
    strncmp                                  0x080002a9   Thumb Code    30  strncmp.o(.text)
    __aeabi_uidiv                            0x080002c7   Thumb Code     0  uidiv.o(.text)
    __aeabi_uidivmod                         0x080002c7   Thumb Code    44  uidiv.o(.text)
    __aeabi_llsl                             0x080002f3   Thumb Code    30  llshl.o(.text)
    _ll_shift_l                              0x080002f3   Thumb Code     0  llshl.o(.text)
    __aeabi_llsr                             0x08000311   Thumb Code    32  llushr.o(.text)
    _ll_ushift_r                             0x08000311   Thumb Code     0  llushr.o(.text)
    __I$use$fp                               0x08000331   Thumb Code     0  iusefp.o(.text)
    __aeabi_dadd                             0x08000331   Thumb Code   322  dadd.o(.text)
    __aeabi_dsub                             0x08000473   Thumb Code     6  dadd.o(.text)
    __aeabi_drsub                            0x08000479   Thumb Code     6  dadd.o(.text)
    __aeabi_dmul                             0x0800047f   Thumb Code   228  dmul.o(.text)
    __aeabi_ddiv                             0x08000563   Thumb Code   222  ddiv.o(.text)
    __aeabi_d2ulz                            0x08000641   Thumb Code    48  dfixul.o(.text)
    __aeabi_cdrcmple                         0x08000671   Thumb Code    48  cdrcmple.o(.text)
    __scatterload                            0x080006a1   Thumb Code    28  init.o(.text)
    __scatterload_rt2                        0x080006a1   Thumb Code     0  init.o(.text)
    __aeabi_lasr                             0x080006c5   Thumb Code    36  llsshr.o(.text)
    _ll_sshift_r                             0x080006c5   Thumb Code     0  llsshr.o(.text)
    _double_round                            0x080006e9   Thumb Code    30  depilogue.o(.text)
    _double_epilogue                         0x08000707   Thumb Code   156  depilogue.o(.text)
    __decompress                             0x080007a3   Thumb Code     0  __dczerorl2.o(.text)
    __decompress1                            0x080007a3   Thumb Code    86  __dczerorl2.o(.text)
    DMA_Cmd                                  0x080007f9   Thumb Code    22  stm32f4xx_dma.o(i.DMA_Cmd)
    DMA_Init                                 0x08000811   Thumb Code    82  stm32f4xx_dma.o(i.DMA_Init)
    DMA_StructInit                           0x08000869   Thumb Code    34  stm32f4xx_dma.o(i.DMA_StructInit)
    FLASH_EraseSector                        0x0800088d   Thumb Code   130  stm32f4xx_flash.o(i.FLASH_EraseSector)
    FLASH_GetStatus                          0x08000915   Thumb Code    80  stm32f4xx_flash.o(i.FLASH_GetStatus)
    FLASH_Lock                               0x08000969   Thumb Code    14  stm32f4xx_flash.o(i.FLASH_Lock)
    FLASH_ProgramWord                        0x0800097d   Thumb Code    74  stm32f4xx_flash.o(i.FLASH_ProgramWord)
    FLASH_Unlock                             0x080009cd   Thumb Code    24  stm32f4xx_flash.o(i.FLASH_Unlock)
    FLASH_WaitForLastOperation               0x080009f1   Thumb Code    34  stm32f4xx_flash.o(i.FLASH_WaitForLastOperation)
    GPIO_Init                                0x08000a13   Thumb Code   144  stm32f4xx_gpio.o(i.GPIO_Init)
    GPIO_PinAFConfig                         0x08000aa3   Thumb Code    70  stm32f4xx_gpio.o(i.GPIO_PinAFConfig)
    GPIO_ReadInputDataBit                    0x08000ae9   Thumb Code    18  stm32f4xx_gpio.o(i.GPIO_ReadInputDataBit)
    GPIO_StructInit                          0x08000afb   Thumb Code    18  stm32f4xx_gpio.o(i.GPIO_StructInit)
    GPIO_WriteBit                            0x08000b0d   Thumb Code    12  stm32f4xx_gpio.o(i.GPIO_WriteBit)
    NVIC_Init                                0x08000b31   Thumb Code   106  misc.o(i.NVIC_Init)
    NVIC_PriorityGroupConfig                 0x08000ba9   Thumb Code    10  misc.o(i.NVIC_PriorityGroupConfig)
    RCC_AHB1PeriphClockCmd                   0x08000bfd   Thumb Code    26  stm32f4xx_rcc.o(i.RCC_AHB1PeriphClockCmd)
    RCC_APB1PeriphClockCmd                   0x08000c1d   Thumb Code    26  stm32f4xx_rcc.o(i.RCC_APB1PeriphClockCmd)
    RCC_APB1PeriphResetCmd                   0x08000c3d   Thumb Code    26  stm32f4xx_rcc.o(i.RCC_APB1PeriphResetCmd)
    RCC_APB2PeriphClockCmd                   0x08000c5d   Thumb Code    26  stm32f4xx_rcc.o(i.RCC_APB2PeriphClockCmd)
    RCC_APB2PeriphResetCmd                   0x08000c7d   Thumb Code    26  stm32f4xx_rcc.o(i.RCC_APB2PeriphResetCmd)
    RCC_GetClocksFreq                        0x08000c9d   Thumb Code   214  stm32f4xx_rcc.o(i.RCC_GetClocksFreq)
    SystemInit                               0x08000e71   Thumb Code    88  system_stm32f4xx.o(i.SystemInit)
    TIM6_DAC_IRQHandler                      0x08000ed9   Thumb Code    56  tim_delay.o(i.TIM6_DAC_IRQHandler)
    TIM_ClearITPendingBit                    0x08000f1d   Thumb Code     6  stm32f4xx_tim.o(i.TIM_ClearITPendingBit)
    TIM_Cmd                                  0x08000f23   Thumb Code    24  stm32f4xx_tim.o(i.TIM_Cmd)
    TIM_DeInit                               0x08000f3d   Thumb Code   346  stm32f4xx_tim.o(i.TIM_DeInit)
    TIM_GetCounter                           0x080010cd   Thumb Code     6  stm32f4xx_tim.o(i.TIM_GetCounter)
    TIM_GetITStatus                          0x080010d3   Thumb Code    34  stm32f4xx_tim.o(i.TIM_GetITStatus)
    TIM_ITConfig                             0x080010f5   Thumb Code    18  stm32f4xx_tim.o(i.TIM_ITConfig)
    TIM_TimeBaseInit                         0x08001109   Thumb Code   104  stm32f4xx_tim.o(i.TIM_TimeBaseInit)
    TIM_TimeBaseStructInit                   0x0800118d   Thumb Code    18  stm32f4xx_tim.o(i.TIM_TimeBaseStructInit)
    USART3_IRQHandler                        0x080011a1   Thumb Code    54  bl_usart.o(i.USART3_IRQHandler)
    USART_ClearFlag                          0x080011e1   Thumb Code    18  stm32f4xx_usart.o(i.USART_ClearFlag)
    USART_ClearITPendingBit                  0x080011f3   Thumb Code    30  stm32f4xx_usart.o(i.USART_ClearITPendingBit)
    USART_Cmd                                0x08001211   Thumb Code    24  stm32f4xx_usart.o(i.USART_Cmd)
    USART_DeInit                             0x08001229   Thumb Code   206  stm32f4xx_usart.o(i.USART_DeInit)
    USART_GetFlagStatus                      0x08001319   Thumb Code    26  stm32f4xx_usart.o(i.USART_GetFlagStatus)
    USART_GetITStatus                        0x08001333   Thumb Code    84  stm32f4xx_usart.o(i.USART_GetITStatus)
    USART_ITConfig                           0x08001387   Thumb Code    74  stm32f4xx_usart.o(i.USART_ITConfig)
    USART_Init                               0x080013d1   Thumb Code   204  stm32f4xx_usart.o(i.USART_Init)
    USART_ReceiveData                        0x080014a5   Thumb Code    10  stm32f4xx_usart.o(i.USART_ReceiveData)
    USART_SendData                           0x080014af   Thumb Code     8  stm32f4xx_usart.o(i.USART_SendData)
    USART_StructInit                         0x080014b7   Thumb Code    24  stm32f4xx_usart.o(i.USART_StructInit)
    __0snprintf                              0x080014d1   Thumb Code    48  printfa.o(i.__0snprintf)
    __1snprintf                              0x080014d1   Thumb Code     0  printfa.o(i.__0snprintf)
    __2snprintf                              0x080014d1   Thumb Code     0  printfa.o(i.__0snprintf)
    __c89snprintf                            0x080014d1   Thumb Code     0  printfa.o(i.__0snprintf)
    snprintf                                 0x080014d1   Thumb Code     0  printfa.o(i.__0snprintf)
    __0vsnprintf                             0x08001505   Thumb Code    46  printfa.o(i.__0vsnprintf)
    __1vsnprintf                             0x08001505   Thumb Code     0  printfa.o(i.__0vsnprintf)
    __2vsnprintf                             0x08001505   Thumb Code     0  printfa.o(i.__0vsnprintf)
    __c89vsnprintf                           0x08001505   Thumb Code     0  printfa.o(i.__0vsnprintf)
    vsnprintf                                0x08001505   Thumb Code     0  printfa.o(i.__0vsnprintf)
    __scatterload_copy                       0x08001539   Thumb Code    14  handlers.o(i.__scatterload_copy)
    __scatterload_null                       0x08001547   Thumb Code     2  handlers.o(i.__scatterload_null)
    __scatterload_zeroinit                   0x08001549   Thumb Code    14  handlers.o(i.__scatterload_zeroinit)
    bl_usart_init                            0x08002a69   Thumb Code    20  bl_usart.o(i.bl_usart_init)
    bl_usart_register_rx_callback            0x08002a7d   Thumb Code     6  bl_usart.o(i.bl_usart_register_rx_callback)
    bl_usart_write                           0x08002a89   Thumb Code    44  bl_usart.o(i.bl_usart_write)
    board_lowlevel_init                      0x08002ab9   Thumb Code    84  board.o(i.board_lowlevel_init)
    bootloader_main                          0x08002c05   Thumb Code   186  bootload.o(i.bootloader_main)
    crc16                                    0x08002d29   Thumb Code    40  crc16.o(i.crc16)
    crc32                                    0x08002d55   Thumb Code    48  crc32.o(i.crc32)
    elog_get_filter_tag_lvl                  0x08002d89   Thumb Code   164  elog.o(i.elog_get_filter_tag_lvl)
    elog_init                                0x08002e99   Thumb Code    70  elog.o(i.elog_init)
    elog_output                              0x08002ee5   Thumb Code   802  elog.o(i.elog_output)
    elog_output_lock                         0x080032a5   Thumb Code    34  elog.o(i.elog_output_lock)
    elog_output_lock_enabled                 0x080032cd   Thumb Code    60  elog.o(i.elog_output_lock_enabled)
    elog_output_unlock                       0x0800330d   Thumb Code    34  elog.o(i.elog_output_unlock)
    elog_port_get_p_info                     0x08003335   Thumb Code     4  elog_port.o(i.elog_port_get_p_info)
    elog_port_get_t_info                     0x0800333d   Thumb Code     4  elog_port.o(i.elog_port_get_t_info)
    elog_port_get_time                       0x08003345   Thumb Code    76  elog_port.o(i.elog_port_get_time)
    elog_port_init                           0x080033a9   Thumb Code     4  elog_port.o(i.elog_port_init)
    elog_port_output                         0x080033ad   Thumb Code    18  elog_port.o(i.elog_port_output)
    elog_port_output_lock                    0x080033c5   Thumb Code     2  elog_port.o(i.elog_port_output_lock)
    elog_port_output_unlock                  0x080033c7   Thumb Code     2  elog_port.o(i.elog_port_output_unlock)
    elog_set_filter_lvl                      0x080033c9   Thumb Code    76  elog.o(i.elog_set_filter_lvl)
    elog_set_fmt                             0x080034c5   Thumb Code    80  elog.o(i.elog_set_fmt)
    elog_set_output_enabled                  0x08003589   Thumb Code    82  elog.o(i.elog_set_output_enabled)
    elog_start                               0x0800365d   Thumb Code    46  elog.o(i.elog_start)
    elog_strcpy                              0x080036ed   Thumb Code   162  elog_utils.o(i.elog_strcpy)
    key_init                                 0x0800390d   Thumb Code    42  key.o(i.key_init)
    key_read                                 0x08003965   Thumb Code    26  key.o(i.key_read)
    led_init                                 0x08003a11   Thumb Code    60  led.o(i.led_init)
    led_off                                  0x08003a4d   Thumb Code    18  led.o(i.led_off)
    led_on                                   0x08003a5f   Thumb Code    18  led.o(i.led_on)
    magic_header_get_address                 0x08003a71   Thumb Code     6  magic_header.o(i.magic_header_get_address)
    magic_header_get_crc32                   0x08003a7d   Thumb Code     6  magic_header.o(i.magic_header_get_crc32)
    magic_header_get_length                  0x08003a89   Thumb Code     6  magic_header.o(i.magic_header_get_length)
    magic_header_trap_boot                   0x08003a95   Thumb Code    70  bootload.o(i.magic_header_trap_boot)
    magic_header_validate                    0x08003b61   Thumb Code    42  magic_header.o(i.magic_header_validate)
    main                                     0x08003b95   Thumb Code    78  main.o(i.main)
    rb_empty                                 0x08003c27   Thumb Code    18  ringbuffer.o(i.rb_empty)
    rb_full                                  0x08003c39   Thumb Code    24  ringbuffer.o(i.rb_full)
    rb_get                                   0x08003c51   Thumb Code    54  ringbuffer.o(i.rb_get)
    rb_new                                   0x08003c87   Thumb Code    28  ringbuffer.o(i.rb_new)
    rb_put                                   0x08003ca3   Thumb Code    36  ringbuffer.o(i.rb_put)
    rb_puts                                  0x08003cc7   Thumb Code    38  ringbuffer.o(i.rb_puts)
    rx_trap_boot                             0x08003ced   Thumb Code    62  bootload.o(i.rx_trap_boot)
    stm32_flash_erase                        0x08003d81   Thumb Code   116  stm32_flash.o(i.stm32_flash_erase)
    stm32_flash_lock                         0x08003e69   Thumb Code     8  stm32_flash.o(i.stm32_flash_lock)
    stm32_flash_program                      0x08003e71   Thumb Code    60  stm32_flash.o(i.stm32_flash_program)
    stm32_flash_unlock                       0x08003efd   Thumb Code     8  stm32_flash.o(i.stm32_flash_unlock)
    tim_delay_init                           0x08003f05   Thumb Code   116  tim_delay.o(i.tim_delay_init)
    tim_delay_ms                             0x08003f7d   Thumb Code    40  tim_delay.o(i.tim_delay_ms)
    tim_get_ms                               0x08003fa5   Thumb Code    20  tim_delay.o(i.tim_get_ms)
    tim_now                                  0x08003fb9   Thumb Code    52  tim_delay.o(i.tim_now)
    usart_init                               0x080040a5   Thumb Code    12  usart.o(i.usart_init)
    usart_write                              0x08004211   Thumb Code    54  usart.o(i.usart_write)
    Region$$Table$$Base                      0x0800470c   Number         0  anon$$obj.o(Region$$Table)
    Region$$Table$$Limit                     0x0800472c   Number         0  anon$$obj.o(Region$$Table)
    led1                                     0x20000024   Data           4  board.o(.data)
    led2                                     0x20000028   Data           4  board.o(.data)
    led3                                     0x2000002c   Data           4  board.o(.data)
    key1                                     0x20000048   Data           4  board.o(.data)
    key2                                     0x2000004c   Data           4  board.o(.data)
    key3                                     0x20000050   Data           4  board.o(.data)
    elog_assert_hook                         0x200004ac   Data           4  elog.o(.data)
    __initial_sp                             0x200031c8   Data           0  startup_stm32f40_41xxx.o(STACK)



==============================================================================

Memory Map of the image

  Image Entry point : 0x08000189

  Load Region LR_IROM1 (Base: 0x08000000, Size: 0x00004bdc, Max: 0x00010000, ABSOLUTE, COMPRESSED[0x00004b84])

    Execution Region ER_IROM1 (Exec base: 0x08000000, Load base: 0x08000000, Size: 0x0000472c, Max: 0x00010000, ABSOLUTE)

    Exec Addr    Load Addr    Size         Type   Attr      Idx    E Section Name        Object

    0x08000000   0x08000000   0x00000188   Data   RO          758    RESET               startup_stm32f40_41xxx.o
    0x08000188   0x08000188   0x00000000   Code   RO         6218  * .ARM.Collect$$$$00000000  mc_w.l(entry.o)
    0x08000188   0x08000188   0x00000004   Code   RO         6500    .ARM.Collect$$$$00000001  mc_w.l(entry2.o)
    0x0800018c   0x0800018c   0x00000004   Code   RO         6503    .ARM.Collect$$$$00000004  mc_w.l(entry5.o)
    0x08000190   0x08000190   0x00000000   Code   RO         6505    .ARM.Collect$$$$00000008  mc_w.l(entry7b.o)
    0x08000190   0x08000190   0x00000000   Code   RO         6507    .ARM.Collect$$$$0000000A  mc_w.l(entry8b.o)
    0x08000190   0x08000190   0x00000008   Code   RO         6508    .ARM.Collect$$$$0000000B  mc_w.l(entry9a.o)
    0x08000198   0x08000198   0x00000004   Code   RO         6515    .ARM.Collect$$$$0000000E  mc_w.l(entry12b.o)
    0x0800019c   0x0800019c   0x00000000   Code   RO         6510    .ARM.Collect$$$$0000000F  mc_w.l(entry10a.o)
    0x0800019c   0x0800019c   0x00000000   Code   RO         6512    .ARM.Collect$$$$00000011  mc_w.l(entry11a.o)
    0x0800019c   0x0800019c   0x00000004   Code   RO         6501    .ARM.Collect$$$$00002712  mc_w.l(entry2.o)
    0x080001a0   0x080001a0   0x00000008   Code   RO          151    .text               jumpapp.o
    0x080001a8   0x080001a8   0x00000024   Code   RO          759    .text               startup_stm32f40_41xxx.o
    0x080001cc   0x080001cc   0x00000062   Code   RO         6221    .text               mc_w.l(uldiv.o)
    0x0800022e   0x0800022e   0x00000024   Code   RO         6223    .text               mc_w.l(memcpya.o)
    0x08000252   0x08000252   0x00000024   Code   RO         6225    .text               mc_w.l(memseta.o)
    0x08000276   0x08000276   0x00000024   Code   RO         6227    .text               mc_w.l(strstr.o)
    0x0800029a   0x0800029a   0x0000000e   Code   RO         6231    .text               mc_w.l(strlen.o)
    0x080002a8   0x080002a8   0x0000001e   Code   RO         6235    .text               mc_w.l(strncmp.o)
    0x080002c6   0x080002c6   0x0000002c   Code   RO         6517    .text               mc_w.l(uidiv.o)
    0x080002f2   0x080002f2   0x0000001e   Code   RO         6519    .text               mc_w.l(llshl.o)
    0x08000310   0x08000310   0x00000020   Code   RO         6521    .text               mc_w.l(llushr.o)
    0x08000330   0x08000330   0x00000000   Code   RO         6523    .text               mc_w.l(iusefp.o)
    0x08000330   0x08000330   0x0000014e   Code   RO         6524    .text               mf_w.l(dadd.o)
    0x0800047e   0x0800047e   0x000000e4   Code   RO         6526    .text               mf_w.l(dmul.o)
    0x08000562   0x08000562   0x000000de   Code   RO         6528    .text               mf_w.l(ddiv.o)
    0x08000640   0x08000640   0x00000030   Code   RO         6530    .text               mf_w.l(dfixul.o)
    0x08000670   0x08000670   0x00000030   Code   RO         6532    .text               mf_w.l(cdrcmple.o)
    0x080006a0   0x080006a0   0x00000024   Code   RO         6534    .text               mc_w.l(init.o)
    0x080006c4   0x080006c4   0x00000024   Code   RO         6536    .text               mc_w.l(llsshr.o)
    0x080006e8   0x080006e8   0x000000ba   Code   RO         6538    .text               mf_w.l(depilogue.o)
    0x080007a2   0x080007a2   0x00000056   Code   RO         6548    .text               mc_w.l(__dczerorl2.o)
    0x080007f8   0x080007f8   0x00000016   Code   RO         1882    i.DMA_Cmd           stm32f4xx_dma.o
    0x0800080e   0x0800080e   0x00000002   PAD
    0x08000810   0x08000810   0x00000058   Code   RO         1894    i.DMA_Init          stm32f4xx_dma.o
    0x08000868   0x08000868   0x00000022   Code   RO         1898    i.DMA_StructInit    stm32f4xx_dma.o
    0x0800088a   0x0800088a   0x00000002   PAD
    0x0800088c   0x0800088c   0x00000088   Code   RO         2240    i.FLASH_EraseSector  stm32f4xx_flash.o
    0x08000914   0x08000914   0x00000054   Code   RO         2242    i.FLASH_GetStatus   stm32f4xx_flash.o
    0x08000968   0x08000968   0x00000014   Code   RO         2246    i.FLASH_Lock        stm32f4xx_flash.o
    0x0800097c   0x0800097c   0x00000050   Code   RO         2270    i.FLASH_ProgramWord  stm32f4xx_flash.o
    0x080009cc   0x080009cc   0x00000024   Code   RO         2272    i.FLASH_Unlock      stm32f4xx_flash.o
    0x080009f0   0x080009f0   0x00000022   Code   RO         2273    i.FLASH_WaitForLastOperation  stm32f4xx_flash.o
    0x08000a12   0x08000a12   0x00000090   Code   RO         2682    i.GPIO_Init         stm32f4xx_gpio.o
    0x08000aa2   0x08000aa2   0x00000046   Code   RO         2683    i.GPIO_PinAFConfig  stm32f4xx_gpio.o
    0x08000ae8   0x08000ae8   0x00000012   Code   RO         2686    i.GPIO_ReadInputDataBit  stm32f4xx_gpio.o
    0x08000afa   0x08000afa   0x00000012   Code   RO         2691    i.GPIO_StructInit   stm32f4xx_gpio.o
    0x08000b0c   0x08000b0c   0x0000000c   Code   RO         2694    i.GPIO_WriteBit     stm32f4xx_gpio.o
    0x08000b18   0x08000b18   0x00000018   Code   RO          207    i.NVIC_DisableIRQ   bootload.o
    0x08000b30   0x08000b30   0x00000078   Code   RO          807    i.NVIC_Init         misc.o
    0x08000ba8   0x08000ba8   0x00000014   Code   RO          808    i.NVIC_PriorityGroupConfig  misc.o
    0x08000bbc   0x08000bbc   0x00000040   Code   RO          208    i.NVIC_SystemReset  bootload.o
    0x08000bfc   0x08000bfc   0x00000020   Code   RO         3608    i.RCC_AHB1PeriphClockCmd  stm32f4xx_rcc.o
    0x08000c1c   0x08000c1c   0x00000020   Code   RO         3617    i.RCC_APB1PeriphClockCmd  stm32f4xx_rcc.o
    0x08000c3c   0x08000c3c   0x00000020   Code   RO         3619    i.RCC_APB1PeriphResetCmd  stm32f4xx_rcc.o
    0x08000c5c   0x08000c5c   0x00000020   Code   RO         3620    i.RCC_APB2PeriphClockCmd  stm32f4xx_rcc.o
    0x08000c7c   0x08000c7c   0x00000020   Code   RO         3622    i.RCC_APB2PeriphResetCmd  stm32f4xx_rcc.o
    0x08000c9c   0x08000c9c   0x000000e8   Code   RO         3629    i.RCC_GetClocksFreq  stm32f4xx_rcc.o
    0x08000d84   0x08000d84   0x000000ec   Code   RO          766    i.SetSysClock       system_stm32f4xx.o
    0x08000e70   0x08000e70   0x00000068   Code   RO          768    i.SystemInit        system_stm32f4xx.o
    0x08000ed8   0x08000ed8   0x00000044   Code   RO          567    i.TIM6_DAC_IRQHandler  tim_delay.o
    0x08000f1c   0x08000f1c   0x00000006   Code   RO         4999    i.TIM_ClearITPendingBit  stm32f4xx_tim.o
    0x08000f22   0x08000f22   0x00000018   Code   RO         5004    i.TIM_Cmd           stm32f4xx_tim.o
    0x08000f3a   0x08000f3a   0x00000002   PAD
    0x08000f3c   0x08000f3c   0x00000190   Code   RO         5009    i.TIM_DeInit        stm32f4xx_tim.o
    0x080010cc   0x080010cc   0x00000006   Code   RO         5023    i.TIM_GetCounter    stm32f4xx_tim.o
    0x080010d2   0x080010d2   0x00000022   Code   RO         5025    i.TIM_GetITStatus   stm32f4xx_tim.o
    0x080010f4   0x080010f4   0x00000012   Code   RO         5029    i.TIM_ITConfig      stm32f4xx_tim.o
    0x08001106   0x08001106   0x00000002   PAD
    0x08001108   0x08001108   0x00000084   Code   RO         5076    i.TIM_TimeBaseInit  stm32f4xx_tim.o
    0x0800118c   0x0800118c   0x00000012   Code   RO         5077    i.TIM_TimeBaseStructInit  stm32f4xx_tim.o
    0x0800119e   0x0800119e   0x00000002   PAD
    0x080011a0   0x080011a0   0x00000040   Code   RO          452    i.USART3_IRQHandler  bl_usart.o
    0x080011e0   0x080011e0   0x00000012   Code   RO         5554    i.USART_ClearFlag   stm32f4xx_usart.o
    0x080011f2   0x080011f2   0x0000001e   Code   RO         5555    i.USART_ClearITPendingBit  stm32f4xx_usart.o
    0x08001210   0x08001210   0x00000018   Code   RO         5558    i.USART_Cmd         stm32f4xx_usart.o
    0x08001228   0x08001228   0x000000f0   Code   RO         5560    i.USART_DeInit      stm32f4xx_usart.o
    0x08001318   0x08001318   0x0000001a   Code   RO         5561    i.USART_GetFlagStatus  stm32f4xx_usart.o
    0x08001332   0x08001332   0x00000054   Code   RO         5562    i.USART_GetITStatus  stm32f4xx_usart.o
    0x08001386   0x08001386   0x0000004a   Code   RO         5564    i.USART_ITConfig    stm32f4xx_usart.o
    0x080013d0   0x080013d0   0x000000d4   Code   RO         5565    i.USART_Init        stm32f4xx_usart.o
    0x080014a4   0x080014a4   0x0000000a   Code   RO         5572    i.USART_ReceiveData  stm32f4xx_usart.o
    0x080014ae   0x080014ae   0x00000008   Code   RO         5575    i.USART_SendData    stm32f4xx_usart.o
    0x080014b6   0x080014b6   0x00000018   Code   RO         5581    i.USART_StructInit  stm32f4xx_usart.o
    0x080014ce   0x080014ce   0x00000002   PAD
    0x080014d0   0x080014d0   0x00000034   Code   RO         6473    i.__0snprintf       mc_w.l(printfa.o)
    0x08001504   0x08001504   0x00000034   Code   RO         6477    i.__0vsnprintf      mc_w.l(printfa.o)
    0x08001538   0x08001538   0x0000000e   Code   RO         6542    i.__scatterload_copy  mc_w.l(handlers.o)
    0x08001546   0x08001546   0x00000002   Code   RO         6543    i.__scatterload_null  mc_w.l(handlers.o)
    0x08001548   0x08001548   0x0000000e   Code   RO         6544    i.__scatterload_zeroinit  mc_w.l(handlers.o)
    0x08001556   0x08001556   0x00000002   PAD
    0x08001558   0x08001558   0x00000184   Code   RO         6479    i._fp_digits        mc_w.l(printfa.o)
    0x080016dc   0x080016dc   0x000006b4   Code   RO         6480    i._printf_core      mc_w.l(printfa.o)
    0x08001d90   0x08001d90   0x00000024   Code   RO         6481    i._printf_post_padding  mc_w.l(printfa.o)
    0x08001db4   0x08001db4   0x0000002e   Code   RO         6482    i._printf_pre_padding  mc_w.l(printfa.o)
    0x08001de2   0x08001de2   0x00000016   Code   RO         6483    i._snputc           mc_w.l(printfa.o)
    0x08001df8   0x08001df8   0x000000ec   Code   RO          209    i.application_validate  bootload.o
    0x08001ee4   0x08001ee4   0x000002b4   Code   RO          210    i.bl_byte_handler   bootload.o
    0x08002198   0x08002198   0x00000060   Code   RO          211    i.bl_opcode_boot_handler  bootload.o
    0x080021f8   0x080021f8   0x00000194   Code   RO          212    i.bl_opcode_erase_handler  bootload.o
    0x0800238c   0x0800238c   0x0000010c   Code   RO          213    i.bl_opcode_inquery_handler  bootload.o
    0x08002498   0x08002498   0x00000264   Code   RO          214    i.bl_opcode_program_handler  bootload.o
    0x080026fc   0x080026fc   0x0000008c   Code   RO          215    i.bl_opcode_reset_handler  bootload.o
    0x08002788   0x08002788   0x000001ac   Code   RO          216    i.bl_opcode_verify_handler  bootload.o
    0x08002934   0x08002934   0x000000a8   Code   RO          217    i.bl_packet_handler  bootload.o
    0x080029dc   0x080029dc   0x00000074   Code   RO          218    i.bl_response       bootload.o
    0x08002a50   0x08002a50   0x00000018   Code   RO          219    i.bl_rx_handler     bootload.o
    0x08002a68   0x08002a68   0x00000014   Code   RO          453    i.bl_usart_init     bl_usart.o
    0x08002a7c   0x08002a7c   0x0000000c   Code   RO          454    i.bl_usart_register_rx_callback  bl_usart.o
    0x08002a88   0x08002a88   0x00000030   Code   RO          455    i.bl_usart_write    bl_usart.o
    0x08002ab8   0x08002ab8   0x00000054   Code   RO          158    i.board_lowlevel_init  board.o
    0x08002b0c   0x08002b0c   0x000000f8   Code   RO          220    i.boot_application  bootload.o
    0x08002c04   0x08002c04   0x00000124   Code   RO          221    i.bootloader_main   bootload.o
    0x08002d28   0x08002d28   0x0000002c   Code   RO         5857    i.crc16             crc16.o
    0x08002d54   0x08002d54   0x00000034   Code   RO         5871    i.crc32             crc32.o
    0x08002d88   0x08002d88   0x00000110   Code   RO         5892    i.elog_get_filter_tag_lvl  elog.o
    0x08002e98   0x08002e98   0x0000004c   Code   RO         5895    i.elog_init         elog.o
    0x08002ee4   0x08002ee4   0x000003c0   Code   RO         5896    i.elog_output       elog.o
    0x080032a4   0x080032a4   0x00000028   Code   RO         5897    i.elog_output_lock  elog.o
    0x080032cc   0x080032cc   0x00000040   Code   RO         5898    i.elog_output_lock_enabled  elog.o
    0x0800330c   0x0800330c   0x00000028   Code   RO         5899    i.elog_output_unlock  elog.o
    0x08003334   0x08003334   0x00000008   Code   RO         6066    i.elog_port_get_p_info  elog_port.o
    0x0800333c   0x0800333c   0x00000008   Code   RO         6067    i.elog_port_get_t_info  elog_port.o
    0x08003344   0x08003344   0x00000064   Code   RO         6068    i.elog_port_get_time  elog_port.o
    0x080033a8   0x080033a8   0x00000004   Code   RO         6069    i.elog_port_init    elog_port.o
    0x080033ac   0x080033ac   0x00000018   Code   RO         6070    i.elog_port_output  elog_port.o
    0x080033c4   0x080033c4   0x00000002   Code   RO         6071    i.elog_port_output_lock  elog_port.o
    0x080033c6   0x080033c6   0x00000002   Code   RO         6072    i.elog_port_output_unlock  elog_port.o
    0x080033c8   0x080033c8   0x000000c0   Code   RO         5903    i.elog_set_filter_lvl  elog.o
    0x08003488   0x08003488   0x0000003c   Code   RO         5906    i.elog_set_filter_tag_lvl_default  elog.o
    0x080034c4   0x080034c4   0x000000c4   Code   RO         5907    i.elog_set_fmt      elog.o
    0x08003588   0x08003588   0x000000d4   Code   RO         5908    i.elog_set_output_enabled  elog.o
    0x0800365c   0x0800365c   0x00000090   Code   RO         5909    i.elog_start        elog.o
    0x080036ec   0x080036ec   0x00000108   Code   RO         6139    i.elog_strcpy       elog_utils.o
    0x080037f4   0x080037f4   0x000000d0   Code   RO         5911    i.get_fmt_enabled   elog.o
    0x080038c4   0x080038c4   0x0000001c   Code   RO         5912    i.get_fmt_used_and_enabled_ptr  elog.o
    0x080038e0   0x080038e0   0x0000001c   Code   RO         5913    i.get_fmt_used_and_enabled_u32  elog.o
    0x080038fc   0x080038fc   0x00000010   Code   RO          222    i.get_u32_inc       bootload.o
    0x0800390c   0x0800390c   0x0000002a   Code   RO          635    i.key_init          key.o
    0x08003936   0x08003936   0x00000002   PAD
    0x08003938   0x08003938   0x0000002c   Code   RO          223    i.key_press_check   bootload.o
    0x08003964   0x08003964   0x0000001a   Code   RO          636    i.key_read          key.o
    0x0800397e   0x0800397e   0x00000002   PAD
    0x08003980   0x08003980   0x00000090   Code   RO          224    i.key_trap_check    bootload.o
    0x08003a10   0x08003a10   0x0000003c   Code   RO          665    i.led_init          led.o
    0x08003a4c   0x08003a4c   0x00000012   Code   RO          666    i.led_off           led.o
    0x08003a5e   0x08003a5e   0x00000012   Code   RO          667    i.led_on            led.o
    0x08003a70   0x08003a70   0x0000000c   Code   RO          401    i.magic_header_get_address  magic_header.o
    0x08003a7c   0x08003a7c   0x0000000c   Code   RO          402    i.magic_header_get_crc32  magic_header.o
    0x08003a88   0x08003a88   0x0000000c   Code   RO          403    i.magic_header_get_length  magic_header.o
    0x08003a94   0x08003a94   0x000000cc   Code   RO          225    i.magic_header_trap_boot  bootload.o
    0x08003b60   0x08003b60   0x00000034   Code   RO          406    i.magic_header_validate  magic_header.o
    0x08003b94   0x08003b94   0x0000004e   Code   RO            4    i.main              main.o
    0x08003be2   0x08003be2   0x00000018   Code   RO         6162    i.next_head         ringbuffer.o
    0x08003bfa   0x08003bfa   0x00000004   Code   RO          226    i.put_u16           bootload.o
    0x08003bfe   0x08003bfe   0x00000018   Code   RO          227    i.put_u16_inc       bootload.o
    0x08003c16   0x08003c16   0x00000010   Code   RO          228    i.put_u8_inc        bootload.o
    0x08003c26   0x08003c26   0x00000012   Code   RO         6163    i.rb_empty          ringbuffer.o
    0x08003c38   0x08003c38   0x00000018   Code   RO         6164    i.rb_full           ringbuffer.o
    0x08003c50   0x08003c50   0x00000036   Code   RO         6165    i.rb_get            ringbuffer.o
    0x08003c86   0x08003c86   0x0000001c   Code   RO         6167    i.rb_new            ringbuffer.o
    0x08003ca2   0x08003ca2   0x00000024   Code   RO         6168    i.rb_put            ringbuffer.o
    0x08003cc6   0x08003cc6   0x00000026   Code   RO         6169    i.rb_puts           ringbuffer.o
    0x08003cec   0x08003cec   0x00000094   Code   RO          229    i.rx_trap_boot      bootload.o
    0x08003d80   0x08003d80   0x000000e8   Code   RO          707    i.stm32_flash_erase  stm32_flash.o
    0x08003e68   0x08003e68   0x00000008   Code   RO          708    i.stm32_flash_lock  stm32_flash.o
    0x08003e70   0x08003e70   0x0000008c   Code   RO          709    i.stm32_flash_program  stm32_flash.o
    0x08003efc   0x08003efc   0x00000008   Code   RO          710    i.stm32_flash_unlock  stm32_flash.o
    0x08003f04   0x08003f04   0x00000078   Code   RO          568    i.tim_delay_init    tim_delay.o
    0x08003f7c   0x08003f7c   0x00000028   Code   RO          569    i.tim_delay_ms      tim_delay.o
    0x08003fa4   0x08003fa4   0x00000014   Code   RO          571    i.tim_get_ms        tim_delay.o
    0x08003fb8   0x08003fb8   0x0000003c   Code   RO          573    i.tim_now           tim_delay.o
    0x08003ff4   0x08003ff4   0x000000b0   Code   RO          456    i.usart_dma_config  bl_usart.o
    0x080040a4   0x080040a4   0x0000000c   Code   RO          520    i.usart_init        usart.o
    0x080040b0   0x080040b0   0x00000048   Code   RO          457    i.usart_io_init     bl_usart.o
    0x080040f8   0x080040f8   0x0000003c   Code   RO          521    i.usart_io_init     usart.o
    0x08004134   0x08004134   0x00000054   Code   RO          458    i.usart_it_config   bl_usart.o
    0x08004188   0x08004188   0x0000004c   Code   RO          459    i.usart_lowlevel_init  bl_usart.o
    0x080041d4   0x080041d4   0x0000003c   Code   RO          522    i.usart_lowlevel_init  usart.o
    0x08004210   0x08004210   0x00000036   Code   RO          523    i.usart_write       usart.o
    0x08004246   0x08004246   0x00000002   PAD
    0x08004248   0x08004248   0x0000001c   Code   RO          230    i.wait_key_release  bootload.o
    0x08004264   0x08004264   0x0000011f   Data   RO          232    .constdata          bootload.o
    0x08004383   0x08004383   0x00000001   PAD
    0x08004384   0x08004384   0x00000086   Data   RO          711    .constdata          stm32_flash.o
    0x0800440a   0x0800440a   0x00000200   Data   RO         5858    .constdata          crc16.o
    0x0800460a   0x0800460a   0x000000c6   Data   RO         5915    .constdata          elog.o
    0x080046d0   0x080046d0   0x00000023   Data   RO         6140    .constdata          elog_utils.o
    0x080046f3   0x080046f3   0x00000001   PAD
    0x080046f4   0x080046f4   0x00000017   Data   RO         5916    .conststring        elog.o
    0x0800470b   0x0800470b   0x00000001   PAD
    0x0800470c   0x0800470c   0x00000020   Data   RO         6540    Region$$Table       anon$$obj.o


    Execution Region RW_IRAM1 (Exec base: 0x20000000, Load base: 0x0800472c, Size: 0x000031c8, Max: 0x00020000, ABSOLUTE, COMPRESSED[0x00000458])

    Exec Addr    Load Addr    Size         Type   Attr      Idx    E Section Name        Object

    0x20000000   COMPRESSED   0x00000054   Data   RW          160    .data               board.o
    0x20000054   COMPRESSED   0x00000004   PAD
    0x20000058   COMPRESSED   0x00000018   Data   RW          233    .data               bootload.o
    0x20000070   COMPRESSED   0x00000004   Data   RW          460    .data               bl_usart.o
    0x20000074   COMPRESSED   0x00000004   PAD
    0x20000078   COMPRESSED   0x0000000c   Data   RW          575    .data               tim_delay.o
    0x20000084   COMPRESSED   0x00000010   Data   RW         3661    .data               stm32f4xx_rcc.o
    0x20000094   COMPRESSED   0x00000400   Data   RW         5872    .data               crc32.o
    0x20000494   COMPRESSED   0x0000001c   Data   RW         5917    .data               elog.o
    0x200004b0        -       0x0000240e   Zero   RW          231    .bss                bootload.o
    0x200028be   COMPRESSED   0x00000002   PAD
    0x200028c0        -       0x000004f8   Zero   RW         5914    .bss                elog.o
    0x20002db8        -       0x00000010   Zero   RW         6073    .bss                elog_port.o
    0x20002dc8        -       0x00000400   Zero   RW          756    STACK               startup_stm32f40_41xxx.o


==============================================================================

Image component sizes


      Code (inc. data)   RO Data    RW Data    ZI Data      Debug   Object Name

       552         50          0          4          0      30932   bl_usart.o
        84          0          0         84          0       2386   board.o
      4440       1904        287         24       9230      46741   bootload.o
        44          4        512          0          0       1208   crc16.o
        52          4          0       1024          0       1280   crc32.o
         0          0          0          0          0       1456   crc_poly.o
      2520        872        221         28       1272      17514   elog.o
       148         38          0          0         16       8916   elog_port.o
       264        102         35          0          0       2181   elog_utils.o
         8          0          0          0          0        340   jumpapp.o
        68          0          0          0          0       1066   key.o
        96          0          0          0          0       1490   led.o
        88         28          0          0          0       3006   magic_header.o
        78          0          0          0          0     313983   main.o
       140         24          0          0          0       1623   misc.o
       222          0          0          0          0       5346   ringbuffer.o
        36          8        392          0       1024        840   startup_stm32f40_41xxx.o
       388        196        134          0          0       3310   stm32_flash.o
       144          6          0          0          0       2974   stm32f4xx_dma.o
       390         34          0          0          0       3987   stm32f4xx_flash.o
       262          0          0          0          0       3589   stm32f4xx_gpio.o
       392         48          0         16          0       5833   stm32f4xx_rcc.o
       638         82          0          0          0       5545   stm32f4xx_tim.o
       750         42          0          0          0       7895   stm32f4xx_usart.o
       340         32          0          0          0       1673   system_stm32f4xx.o
       308         24          0         12          0       3289   tim_delay.o
       186          8          0          0          0       2563   usart.o

    ----------------------------------------------------------------------
     12656       3506       1616       1200      11544     480966   Object Totals
         0          0         32          0          0          0   (incl. Generated)
        18          0          3          8          2          0   (incl. Padding)

    ----------------------------------------------------------------------

      Code (inc. data)   RO Data    RW Data    ZI Data      Debug   Library Member Name

        86          0          0          0          0          0   __dczerorl2.o
         0          0          0          0          0          0   entry.o
         0          0          0          0          0          0   entry10a.o
         0          0          0          0          0          0   entry11a.o
         4          0          0          0          0          0   entry12b.o
         8          4          0          0          0          0   entry2.o
         4          0          0          0          0          0   entry5.o
         0          0          0          0          0          0   entry7b.o
         0          0          0          0          0          0   entry8b.o
         8          4          0          0          0          0   entry9a.o
        30          0          0          0          0          0   handlers.o
        36          8          0          0          0         68   init.o
         0          0          0          0          0          0   iusefp.o
        30          0          0          0          0         68   llshl.o
        36          0          0          0          0         68   llsshr.o
        32          0          0          0          0         68   llushr.o
        36          0          0          0          0         68   memcpya.o
        36          0          0          0          0        108   memseta.o
      2312         90          0          0          0        616   printfa.o
        14          0          0          0          0         68   strlen.o
        30          0          0          0          0         80   strncmp.o
        36          0          0          0          0         80   strstr.o
        44          0          0          0          0         80   uidiv.o
        98          0          0          0          0         92   uldiv.o
        48          0          0          0          0         68   cdrcmple.o
       334          0          0          0          0        148   dadd.o
       222          0          0          0          0        100   ddiv.o
       186          0          0          0          0        176   depilogue.o
        48          0          0          0          0         68   dfixul.o
       228          0          0          0          0         96   dmul.o

    ----------------------------------------------------------------------
      3948        106          0          0          0       2120   Library Totals
         2          0          0          0          0          0   (incl. Padding)

    ----------------------------------------------------------------------

      Code (inc. data)   RO Data    RW Data    ZI Data      Debug   Library Name

      2880        106          0          0          0       1464   mc_w.l
      1066          0          0          0          0        656   mf_w.l

    ----------------------------------------------------------------------
      3948        106          0          0          0       2120   Library Totals

    ----------------------------------------------------------------------

==============================================================================


      Code (inc. data)   RO Data    RW Data    ZI Data      Debug   

     16604       3612       1616       1200      11544     469878   Grand Totals
     16604       3612       1616       1112      11544     469878   ELF Image Totals (compressed)
     16604       3612       1616       1112          0          0   ROM Totals

==============================================================================

    Total RO  Size (Code + RO Data)                18220 (  17.79kB)
    Total RW  Size (RW Data + ZI Data)             12744 (  12.45kB)
    Total ROM Size (Code + RO Data + RW Data)      19332 (  18.88kB)

==============================================================================

